Component: ARM Compiler 5.06 update 6 (build 750) Tool: armlink [4d35ed]

==============================================================================

Section Cross References

    p2_main.o(i.main) refers to system_lpc17xx.o(i.SystemInit) for SystemInit
    p2_main.o(i.main) refers to printf1.o(i.__0printf$1) for __2printf
    uart.o(i.FreeRcv) refers to uart.o(i.Free) for Free
    uart.o(i.FreeRcv) refers to uart.o(.data) for RcvLock0
    uart.o(i.FreeSnd) refers to uart.o(i.Free) for Free
    uart.o(i.FreeSnd) refers to uart.o(.data) for SndLock0
    uart.o(i.LockRcv) refers to uart.o(i.Lock) for Lock
    uart.o(i.LockRcv) refers to uart.o(.data) for RcvLock0
    uart.o(i.LockSnd) refers to uart.o(i.Lock) for Lock
    uart.o(i.LockSnd) refers to uart.o(.data) for SndLock0
    uart.o(i.UART0_IRQHandler) refers to uart.o(.bss) for UART0Buffer
    uart.o(i.UART0_IRQHandler) refers to uart.o(.data) for UART0Count
    uart.o(i.UART1_IRQHandler) refers to uart.o(.bss) for UART1Buffer
    uart.o(i.UART1_IRQHandler) refers to uart.o(.data) for UART1Count
    uart.o(i.UARTInit) refers to uart.o(i.getFrequency) for getFrequency
    uart.o(i.UARTInit) refers to uart.o(i.__NVIC_EnableIRQ) for __NVIC_EnableIRQ
    uart.o(i.UARTInit) refers to uart.o(i.FreeRcv) for FreeRcv
    uart.o(i.UARTInit) refers to uart.o(i.FreeSnd) for FreeSnd
    uart.o(i.UARTRecieve) refers to uart.o(i.LockRcv) for LockRcv
    uart.o(i.UARTRecieve) refers to uart.o(i.FreeRcv) for FreeRcv
    uart.o(i.UARTRecieve) refers to uart.o(.data) for UART0Count
    uart.o(i.UARTRecieve) refers to uart.o(.bss) for UART0Buffer
    uart.o(i.UARTSend) refers to uart.o(i.LockSnd) for LockSnd
    uart.o(i.UARTSend) refers to uart.o(i.FreeSnd) for FreeSnd
    uart.o(i.UARTSend) refers to uart.o(.data) for UART0TxEmpty
    uart.o(i.getFrequency) refers to system_lpc17xx.o(.data) for SystemCoreClock
    retarget.o(i._ttywrch) refers to retarget.o(i.sendchar) for sendchar
    retarget.o(i.fgetc) refers to retarget.o(i.getkey) for getkey
    retarget.o(i.fgetc) refers to retarget.o(i.sendchar) for sendchar
    retarget.o(i.fputc) refers to retarget.o(i.sendchar) for sendchar
    retarget.o(i.getkey) refers to uart.o(i.UARTInit) for UARTInit
    retarget.o(i.getkey) refers to uart.o(i.UARTReceiveChar) for UARTReceiveChar
    retarget.o(i.getkey) refers to retarget.o(.data) for uart_init_called
    retarget.o(i.sendchar) refers to uart.o(i.UARTInit) for UARTInit
    retarget.o(i.sendchar) refers to uart.o(i.UARTSendChar) for UARTSendChar
    retarget.o(i.sendchar) refers to retarget.o(.data) for uart_init_called
    glcd_spi_lpc1700.o(i.GLCD_Bargraph) refers to glcd_spi_lpc1700.o(i.GLCD_SetWindow) for GLCD_SetWindow
    glcd_spi_lpc1700.o(i.GLCD_Bargraph) refers to glcd_spi_lpc1700.o(i.wr_cmd) for wr_cmd
    glcd_spi_lpc1700.o(i.GLCD_Bargraph) refers to glcd_spi_lpc1700.o(i.wr_dat_start) for wr_dat_start
    glcd_spi_lpc1700.o(i.GLCD_Bargraph) refers to glcd_spi_lpc1700.o(i.wr_dat_only) for wr_dat_only
    glcd_spi_lpc1700.o(i.GLCD_Bargraph) refers to glcd_spi_lpc1700.o(i.wr_dat_stop) for wr_dat_stop
    glcd_spi_lpc1700.o(i.GLCD_Bargraph) refers to glcd_spi_lpc1700.o(.data) for Color
    glcd_spi_lpc1700.o(i.GLCD_Bitmap) refers to glcd_spi_lpc1700.o(i.GLCD_SetWindow) for GLCD_SetWindow
    glcd_spi_lpc1700.o(i.GLCD_Bitmap) refers to glcd_spi_lpc1700.o(i.wr_cmd) for wr_cmd
    glcd_spi_lpc1700.o(i.GLCD_Bitmap) refers to glcd_spi_lpc1700.o(i.wr_dat_start) for wr_dat_start
    glcd_spi_lpc1700.o(i.GLCD_Bitmap) refers to glcd_spi_lpc1700.o(i.wr_dat_only) for wr_dat_only
    glcd_spi_lpc1700.o(i.GLCD_Bitmap) refers to glcd_spi_lpc1700.o(i.wr_dat_stop) for wr_dat_stop
    glcd_spi_lpc1700.o(i.GLCD_Clear) refers to glcd_spi_lpc1700.o(i.GLCD_WindowMax) for GLCD_WindowMax
    glcd_spi_lpc1700.o(i.GLCD_Clear) refers to glcd_spi_lpc1700.o(i.wr_cmd) for wr_cmd
    glcd_spi_lpc1700.o(i.GLCD_Clear) refers to glcd_spi_lpc1700.o(i.wr_dat_start) for wr_dat_start
    glcd_spi_lpc1700.o(i.GLCD_Clear) refers to glcd_spi_lpc1700.o(i.wr_dat_only) for wr_dat_only
    glcd_spi_lpc1700.o(i.GLCD_Clear) refers to glcd_spi_lpc1700.o(i.wr_dat_stop) for wr_dat_stop
    glcd_spi_lpc1700.o(i.GLCD_ClearLn) refers to glcd_spi_lpc1700.o(i.GLCD_WindowMax) for GLCD_WindowMax
    glcd_spi_lpc1700.o(i.GLCD_ClearLn) refers to glcd_spi_lpc1700.o(i.GLCD_DisplayString) for GLCD_DisplayString
    glcd_spi_lpc1700.o(i.GLCD_DisplayChar) refers to glcd_spi_lpc1700.o(i.GLCD_DrawChar) for GLCD_DrawChar
    glcd_spi_lpc1700.o(i.GLCD_DisplayChar) refers to glcd_spi_lpc1700.o(.constdata) for Font_6x8_h
    glcd_spi_lpc1700.o(i.GLCD_DisplayString) refers to glcd_spi_lpc1700.o(i.GLCD_DisplayChar) for GLCD_DisplayChar
    glcd_spi_lpc1700.o(i.GLCD_DrawChar) refers to glcd_spi_lpc1700.o(i.GLCD_SetWindow) for GLCD_SetWindow
    glcd_spi_lpc1700.o(i.GLCD_DrawChar) refers to glcd_spi_lpc1700.o(i.wr_cmd) for wr_cmd
[...]
    printfa.o(i.__0vsprintf) refers to printfa.o(i._printf_core) for _printf_core
    printfa.o(i.__0vsprintf) refers to printfa.o(i._sputc) for _sputc
    printfa.o(i._fp_digits) refers (Special) to iusefp.o(.text) for __I$use$fp
    printfa.o(i._fp_digits) refers to dmul.o(.text) for __aeabi_dmul
    printfa.o(i._fp_digits) refers to ddiv.o(.text) for __aeabi_ddiv
    printfa.o(i._fp_digits) refers to cdrcmple.o(.text) for __aeabi_cdrcmple
    printfa.o(i._fp_digits) refers to dadd.o(.text) for __aeabi_dadd
    printfa.o(i._fp_digits) refers to dfixul.o(.text) for __aeabi_d2ulz
    printfa.o(i._fp_digits) refers to uldiv.o(.text) for __aeabi_uldivmod
    printfa.o(i._printf_core) refers (Special) to iusefp.o(.text) for __I$use$fp
    printfa.o(i._printf_core) refers to printfa.o(i._printf_pre_padding) for _printf_pre_padding
    printfa.o(i._printf_core) refers to uldiv.o(.text) for __aeabi_uldivmod
    printfa.o(i._printf_core) refers to printfa.o(i._printf_post_padding) for _printf_post_padding
    printfa.o(i._printf_core) refers to printfa.o(i._fp_digits) for _fp_digits
    printfa.o(i._printf_core) refers to uidiv.o(.text) for __aeabi_uidivmod
    printfa.o(i._printf_post_padding) refers (Special) to iusefp.o(.text) for __I$use$fp
    printfa.o(i._printf_pre_padding) refers (Special) to iusefp.o(.text) for __I$use$fp
    printfa.o(i._snputc) refers (Special) to iusefp.o(.text) for __I$use$fp
    printfa.o(i._sputc) refers (Special) to iusefp.o(.text) for __I$use$fp
    entry2.o(.ARM.Collect$$$$00000001) refers to entry2.o(.ARM.Collect$$$$00002712) for __lit__00000000
    entry2.o(.ARM.Collect$$$$00002712) refers to startup_lpc17xx.o(STACK) for __initial_sp
    entry2.o(__vectab_stack_and_reset_area) refers to startup_lpc17xx.o(STACK) for __initial_sp
    entry2.o(__vectab_stack_and_reset_area) refers to entry.o(.ARM.Collect$$$$00000000) for __main
    entry5.o(.ARM.Collect$$$$00000004) refers to init.o(.text) for __scatterload
    entry9a.o(.ARM.Collect$$$$0000000B) refers to p2_main.o(i.main) for main
    entry9b.o(.ARM.Collect$$$$0000000C) refers to p2_main.o(i.main) for main
    dadd.o(.text) refers to llshl.o(.text) for __aeabi_llsl
    dadd.o(.text) refers to llsshr.o(.text) for __aeabi_lasr
    dadd.o(.text) refers to depilogue.o(.text) for _double_epilogue
    dmul.o(.text) refers to depilogue.o(.text) for _double_epilogue
    ddiv.o(.text) refers to depilogue.o(.text) for _double_round
    dfixul.o(.text) refers to llushr.o(.text) for __aeabi_llsr
    dfixul.o(.text) refers to llshl.o(.text) for __aeabi_llsl
    init.o(.text) refers to entry5.o(.ARM.Collect$$$$00000004) for __main_after_scatterload
    depilogue.o(.text) refers to llshl.o(.text) for __aeabi_llsl
    depilogue.o(.text) refers to llushr.o(.text) for __aeabi_llsr


==============================================================================

Removing Unused input sections from the image.

    Removing p2_main.o(.rev16_text), (4 bytes).
    Removing p2_main.o(.revsh_text), (4 bytes).
    Removing p2_main.o(.rrx_text), (6 bytes).
    Removing uart.o(.rev16_text), (4 bytes).
    Removing uart.o(.revsh_text), (4 bytes).
    Removing uart.o(.rrx_text), (6 bytes).
    Removing uart.o(i.Lock), (28 bytes).
    Removing uart.o(i.LockRcv), (36 bytes).
    Removing uart.o(i.LockSnd), (36 bytes).
    Removing uart.o(i.UARTReceiveChar), (36 bytes).
    Removing uart.o(i.UARTRecieve), (160 bytes).
    Removing uart.o(i.UARTSend), (132 bytes).
    Removing retarget.o(i._sys_exit), (4 bytes).
    Removing retarget.o(i._ttywrch), (12 bytes).
    Removing retarget.o(i.ferror), (8 bytes).
    Removing retarget.o(i.fgetc), (20 bytes).
    Removing retarget.o(i.getkey), (36 bytes).
    Removing glcd_spi_lpc1700.o(.rev16_text), (4 bytes).
    Removing glcd_spi_lpc1700.o(.revsh_text), (4 bytes).
    Removing glcd_spi_lpc1700.o(.rrx_text), (6 bytes).
    Removing glcd_spi_lpc1700.o(i.GLCD_Bargraph), (104 bytes).
    Removing glcd_spi_lpc1700.o(i.GLCD_Bitmap), (82 bytes).
    Removing glcd_spi_lpc1700.o(i.GLCD_Clear), (42 bytes).
    Removing glcd_spi_lpc1700.o(i.GLCD_ClearLn), (94 bytes).
    Removing glcd_spi_lpc1700.o(i.GLCD_DisplayChar), (92 bytes).
    Removing glcd_spi_lpc1700.o(i.GLCD_DisplayString), (40 bytes).
    Removing glcd_spi_lpc1700.o(i.GLCD_DrawChar), (156 bytes).
    Removing glcd_spi_lpc1700.o(i.GLCD_Init), (1512 bytes).
    Removing glcd_spi_lpc1700.o(i.GLCD_PutPixel), (128 bytes).
    Removing glcd_spi_lpc1700.o(i.GLCD_ScrollVertical), (2 bytes).
    Removing glcd_spi_lpc1700.o(i.GLCD_SetBackColor), (12 bytes).
    Removing glcd_spi_lpc1700.o(i.GLCD_SetTextColor), (12 bytes).
    Removing glcd_spi_lpc1700.o(i.GLCD_SetWindow), (172 bytes).
    Removing glcd_spi_lpc1700.o(i.GLCD_WindowMax), (18 bytes).
    Removing glcd_spi_lpc1700.o(i.GLCD_WrCmd), (12 bytes).
    Removing glcd_spi_lpc1700.o(i.GLCD_WrReg), (16 bytes).
    Removing glcd_spi_lpc1700.o(i.delay), (14 bytes).
    Removing glcd_spi_lpc1700.o(i.rd_id_man), (140 bytes).
    Removing glcd_spi_lpc1700.o(i.rd_reg), (72 bytes).
    Removing glcd_spi_lpc1700.o(i.spi_tran), (32 bytes).
    Removing glcd_spi_lpc1700.o(i.spi_tran_man), (128 bytes).
    Removing glcd_spi_lpc1700.o(i.wr_cmd), (40 bytes).
    Removing glcd_spi_lpc1700.o(i.wr_dat), (40 bytes).
    Removing glcd_spi_lpc1700.o(i.wr_dat_only), (18 bytes).
    Removing glcd_spi_lpc1700.o(i.wr_dat_start), (20 bytes).
    Removing glcd_spi_lpc1700.o(i.wr_dat_stop), (12 bytes).
    Removing glcd_spi_lpc1700.o(i.wr_reg), (20 bytes).
    Removing glcd_spi_lpc1700.o(.constdata), (6272 bytes).
    Removing glcd_spi_lpc1700.o(.data), (5 bytes).
    Removing glcd_scroll.o(.rev16_text), (4 bytes).
    Removing glcd_scroll.o(.revsh_text), (4 bytes).
    Removing glcd_scroll.o(.rrx_text), (6 bytes).
    Removing glcd_scroll.o(i.append_char), (240 bytes).
    Removing glcd_scroll.o(i.initJoyStick), (108 bytes).
    Removing glcd_scroll.o(i.init_scroll), (72 bytes).
    Removing glcd_scroll.o(i.joyStickBusyWaitingMonitor), (96 bytes).
    Removing glcd_scroll.o(i.last_line), (32 bytes).
    Removing glcd_scroll.o(i.last_window_line), (32 bytes).
    Removing glcd_scroll.o(i.moveDown), (68 bytes).
    Removing glcd_scroll.o(i.moveFirst), (60 bytes).
    Removing glcd_scroll.o(i.moveLast), (96 bytes).
    Removing glcd_scroll.o(i.moveUp), (72 bytes).
    Removing glcd_scroll.o(i.print_string), (34 bytes).
    Removing glcd_scroll.o(i.print_text), (24 bytes).
    Removing glcd_scroll.o(i.refresh_lcd), (80 bytes).
    Removing glcd_scroll.o(.bss), (525 bytes).
    Removing glcd_scroll.o(.data), (20 bytes).
    Removing rtx_lib.o(.rev16_text), (4 bytes).
    Removing rtx_lib.o(.revsh_text), (4 bytes).
    Removing rtx_lib.o(.rrx_text), (6 bytes).
    Removing rtx_config.o(.rev16_text), (4 bytes).
    Removing rtx_config.o(.revsh_text), (4 bytes).
    Removing rtx_config.o(.rrx_text), (6 bytes).
    Removing rtx_config.o(i.osRtxIdleThread), (4 bytes).
    Removing startup_lpc17xx.o(HEAP), (8192 bytes).
    Removing system_lpc17xx.o(.rev16_text), (4 bytes).
    Removing system_lpc17xx.o(.revsh_text), (4 bytes).
    Removing system_lpc17xx.o(.rrx_text), (6 bytes).
    Removing system_lpc17xx.o(i.SystemCoreClockUpdate), (424 bytes).
    Removing rtx_timer.o(.text), (0 bytes).
    Removing rtx_timer.o(.ARM.exidx.text.osRtxTimerSetup), (8 bytes).
    Removing rtx_timer.o(.ARM.exidx.text.osRtxTimerTick), (8 bytes).
    Removing rtx_timer.o(.ARM.exidx.text.osRtxTimerThread), (8 bytes).
    Removing rtx_timer.o(.text.osTimerNew), (36 bytes).
    Removing rtx_timer.o(.ARM.exidx.text.osTimerNew), (8 bytes).
    Removing rtx_timer.o(.text.osTimerGetName), (36 bytes).
    Removing rtx_timer.o(.ARM.exidx.text.osTimerGetName), (8 bytes).
    Removing rtx_timer.o(.text.osTimerStart), (36 bytes).
    Removing rtx_timer.o(.ARM.exidx.text.osTimerStart), (8 bytes).
    Removing rtx_timer.o(.text.osTimerStop), (36 bytes).
    Removing rtx_timer.o(.ARM.exidx.text.osTimerStop), (8 bytes).
    Removing rtx_timer.o(.text.osTimerIsRunning), (36 bytes).
    Removing rtx_timer.o(.ARM.exidx.text.osTimerIsRunning), (8 bytes).
    Removing rtx_timer.o(.text.osTimerDelete), (36 bytes).
    Removing rtx_timer.o(.ARM.exidx.text.osTimerDelete), (8 bytes).
    Removing rtx_timer.o(.ARM.exidx.text.TimerInsert), (8 bytes).
    Removing rtx_timer.o(.text.svcRtxTimerNew), (120 bytes).
    Removing rtx_timer.o(.ARM.exidx.text.svcRtxTimerNew), (8 bytes).
    Removing rtx_timer.o(.text.svcRtxTimerGetName), (16 bytes).
    Removing rtx_timer.o(.ARM.exidx.text.svcRtxTimerGetName), (8 bytes).
    Removing rtx_timer.o(.text.svcRtxTimerStart), (72 bytes).
    Removing rtx_timer.o(.ARM.exidx.text.svcRtxTimerStart), (8 bytes).
    Removing rtx_timer.o(.text.TimerRemove), (40 bytes).
    Removing rtx_timer.o(.ARM.exidx.text.TimerRemove), (8 bytes).
    Removing rtx_timer.o(.text.svcRtxTimerStop), (40 bytes).
    Removing rtx_timer.o(.ARM.exidx.text.svcRtxTimerStop), (8 bytes).
    Removing rtx_timer.o(.text.svcRtxTimerIsRunning), (24 bytes).
    Removing rtx_timer.o(.ARM.exidx.text.svcRtxTimerIsRunning), (8 bytes).
    Removing rtx_timer.o(.text.svcRtxTimerDelete), (76 bytes).
    Removing rtx_timer.o(.ARM.exidx.text.svcRtxTimerDelete), (8 bytes).
    Removing irq_armv7m.o(.ARM.exidx), (24 bytes).
    Removing rtx_kernel.o(.text), (0 bytes).
    Removing rtx_kernel.o(.text.osRtxKernelPreInit), (2 bytes).
    Removing rtx_kernel.o(.ARM.exidx.text.osRtxKernelPreInit), (8 bytes).
    Removing rtx_kernel.o(.ARM.exidx.text.osRtxKernelErrorNotify), (8 bytes).
    Removing rtx_kernel.o(.text.osKernelInitialize), (44 bytes).
    Removing rtx_kernel.o(.ARM.exidx.text.osKernelInitialize), (8 bytes).
    Removing rtx_kernel.o(.text.osKernelGetInfo), (48 bytes).
    Removing rtx_kernel.o(.ARM.exidx.text.osKernelGetInfo), (8 bytes).
    Removing rtx_kernel.o(.text.svcRtxKernelGetInfo), (48 bytes).
    Removing rtx_kernel.o(.ARM.exidx.text.svcRtxKernelGetInfo), (8 bytes).
    Removing rtx_kernel.o(.text.osKernelGetState), (48 bytes).
    Removing rtx_kernel.o(.ARM.exidx.text.osKernelGetState), (8 bytes).
    Removing rtx_kernel.o(.text.svcRtxKernelGetState), (12 bytes).
    Removing rtx_kernel.o(.ARM.exidx.text.svcRtxKernelGetState), (8 bytes).
    Removing rtx_kernel.o(.text.osKernelStart), (36 bytes).
    Removing rtx_kernel.o(.ARM.exidx.text.osKernelStart), (8 bytes).
    Removing rtx_kernel.o(.text.osKernelLock), (36 bytes).
    Removing rtx_kernel.o(.ARM.exidx.text.osKernelLock), (8 bytes).
    Removing rtx_kernel.o(.text.osKernelUnlock), (36 bytes).
    Removing rtx_kernel.o(.ARM.exidx.text.osKernelUnlock), (8 bytes).
    Removing rtx_kernel.o(.text.osKernelRestoreLock), (36 bytes).
    Removing rtx_kernel.o(.ARM.exidx.text.osKernelRestoreLock), (8 bytes).
    Removing rtx_kernel.o(.text.osKernelSuspend), (36 bytes).
    Removing rtx_kernel.o(.ARM.exidx.text.osKernelSuspend), (8 bytes).
    Removing rtx_kernel.o(.text.osKernelResume), (36 bytes).
    Removing rtx_kernel.o(.ARM.exidx.text.osKernelResume), (8 bytes).
    Removing rtx_kernel.o(.text.osKernelGetTickCount), (40 bytes).
    Removing rtx_kernel.o(.ARM.exidx.text.osKernelGetTickCount), (8 bytes).
    Removing rtx_kernel.o(.text.svcRtxKernelGetTickCount), (12 bytes).
    Removing rtx_kernel.o(.ARM.exidx.text.svcRtxKernelGetTickCount), (8 bytes).
    Removing rtx_kernel.o(.text.osKernelGetTickFreq), (40 bytes).
    Removing rtx_kernel.o(.ARM.exidx.text.osKernelGetTickFreq), (8 bytes).
    Removing rtx_kernel.o(.text.svcRtxKernelGetTickFreq), (12 bytes).
    Removing rtx_kernel.o(.ARM.exidx.text.svcRtxKernelGetTickFreq), (8 bytes).
    Removing rtx_kernel.o(.text.osKernelGetSysTimerCount), (36 bytes).
    Removing rtx_kernel.o(.ARM.exidx.text.osKernelGetSysTimerCount), (8 bytes).
    Removing rtx_kernel.o(.text.svcRtxKernelGetSysTimerCount), (40 bytes).
    Removing rtx_kernel.o(.ARM.exidx.text.svcRtxKernelGetSysTimerCount), (8 bytes).
    Removing rtx_kernel.o(.text.osKernelGetSysTimerFreq), (36 bytes).
    Removing rtx_kernel.o(.ARM.exidx.text.osKernelGetSysTimerFreq), (8 bytes).
    Removing rtx_kernel.o(.text.svcRtxKernelGetSysTimerFreq), (4 bytes).
    Removing rtx_kernel.o(.ARM.exidx.text.svcRtxKernelGetSysTimerFreq), (8 bytes).
    Removing rtx_kernel.o(.text.svcRtxKernelInitialize), (256 bytes).
    Removing rtx_kernel.o(.ARM.exidx.text.svcRtxKernelInitialize), (8 bytes).
    Removing rtx_kernel.o(.text.svcRtxKernelStart), (136 bytes).
    Removing rtx_kernel.o(.ARM.exidx.text.svcRtxKernelStart), (8 bytes).
    Removing rtx_kernel.o(.text.svcRtxKernelLock), (32 bytes).
    Removing rtx_kernel.o(.ARM.exidx.text.svcRtxKernelLock), (8 bytes).
    Removing rtx_kernel.o(.text.svcRtxKernelUnlock), (32 bytes).
    Removing rtx_kernel.o(.ARM.exidx.text.svcRtxKernelUnlock), (8 bytes).
    Removing rtx_kernel.o(.text.svcRtxKernelRestoreLock), (44 bytes).
    Removing rtx_kernel.o(.ARM.exidx.text.svcRtxKernelRestoreLock), (8 bytes).
    Removing rtx_kernel.o(.text.svcRtxKernelSuspend), (64 bytes).
    Removing rtx_kernel.o(.ARM.exidx.text.svcRtxKernelSuspend), (8 bytes).
    Removing rtx_kernel.o(.text.GetKernelSleepTime), (32 bytes).
    Removing rtx_kernel.o(.ARM.exidx.text.GetKernelSleepTime), (8 bytes).
    Removing rtx_kernel.o(.text.svcRtxKernelResume), (124 bytes).
    Removing rtx_kernel.o(.ARM.exidx.text.svcRtxKernelResume), (8 bytes).
    Removing rtx_kernel.o(.text.OUTLINED_FUNCTION_0), (12 bytes).
    Removing rtx_kernel.o(.ARM.exidx.text.OUTLINED_FUNCTION_0), (8 bytes).
    Removing rtx_kernel.o(.text.OUTLINED_FUNCTION_1), (6 bytes).
    Removing rtx_kernel.o(.ARM.exidx.text.OUTLINED_FUNCTION_1), (8 bytes).
    Removing rtx_memory.o(.text), (0 bytes).
    Removing rtx_memory.o(.text.osRtxMemoryInit), (54 bytes).
    Removing rtx_memory.o(.ARM.exidx.text.osRtxMemoryInit), (8 bytes).
    Removing rtx_memory.o(.ARM.exidx.text.osRtxMemoryAlloc), (8 bytes).
    Removing rtx_memory.o(.ARM.exidx.text.osRtxMemoryFree), (8 bytes).
    Removing rtx_mempool.o(.text), (0 bytes).
    Removing rtx_mempool.o(.ARM.exidx.text.osRtxMemoryPoolInit), (8 bytes).
    Removing rtx_mempool.o(.ARM.exidx.text.osRtxMemoryPoolAlloc), (8 bytes).
    Removing rtx_mempool.o(.ARM.exidx.text.osRtxMemoryPoolFree), (8 bytes).
    Removing rtx_mempool.o(.text.osMemoryPoolNew), (36 bytes).
    Removing rtx_mempool.o(.ARM.exidx.text.osMemoryPoolNew), (8 bytes).
    Removing rtx_mempool.o(.text.osMemoryPoolGetName), (36 bytes).
    Removing rtx_mempool.o(.ARM.exidx.text.osMemoryPoolGetName), (8 bytes).
    Removing rtx_mempool.o(.text.osMemoryPoolAlloc), (104 bytes).
    Removing rtx_mempool.o(.ARM.exidx.text.osMemoryPoolAlloc), (8 bytes).
    Removing rtx_mempool.o(.text.osMemoryPoolFree), (72 bytes).
    Removing rtx_mempool.o(.ARM.exidx.text.osMemoryPoolFree), (8 bytes).
    Removing rtx_mempool.o(.text.osMemoryPoolGetCapacity), (48 bytes).
    Removing rtx_mempool.o(.ARM.exidx.text.osMemoryPoolGetCapacity), (8 bytes).
    Removing rtx_mempool.o(.text.svcRtxMemoryPoolGetCapacity), (16 bytes).
    Removing rtx_mempool.o(.ARM.exidx.text.svcRtxMemoryPoolGetCapacity), (8 bytes).
    Removing rtx_mempool.o(.text.osMemoryPoolGetBlockSize), (48 bytes).
    Removing rtx_mempool.o(.ARM.exidx.text.osMemoryPoolGetBlockSize), (8 bytes).
    Removing rtx_mempool.o(.text.svcRtxMemoryPoolGetBlockSize), (16 bytes).
    Removing rtx_mempool.o(.ARM.exidx.text.svcRtxMemoryPoolGetBlockSize), (8 bytes).
    Removing rtx_mempool.o(.text.osMemoryPoolGetCount), (48 bytes).
    Removing rtx_mempool.o(.ARM.exidx.text.osMemoryPoolGetCount), (8 bytes).
    Removing rtx_mempool.o(.text.svcRtxMemoryPoolGetCount), (16 bytes).
    Removing rtx_mempool.o(.ARM.exidx.text.svcRtxMemoryPoolGetCount), (8 bytes).
    Removing rtx_mempool.o(.text.osMemoryPoolGetSpace), (36 bytes).
    Removing rtx_mempool.o(.ARM.exidx.text.osMemoryPoolGetSpace), (8 bytes).
    Removing rtx_mempool.o(.text.svcRtxMemoryPoolGetSpace), (20 bytes).
    Removing rtx_mempool.o(.ARM.exidx.text.svcRtxMemoryPoolGetSpace), (8 bytes).
    Removing rtx_mempool.o(.text.osMemoryPoolDelete), (36 bytes).
    Removing rtx_mempool.o(.ARM.exidx.text.osMemoryPoolDelete), (8 bytes).
    Removing rtx_mempool.o(.text.svcRtxMemoryPoolNew), (312 bytes).
    Removing rtx_mempool.o(.ARM.exidx.text.svcRtxMemoryPoolNew), (8 bytes).
    Removing rtx_mempool.o(.text.osRtxMemoryPoolPostProcess), (72 bytes).
    Removing rtx_mempool.o(.ARM.exidx.text.osRtxMemoryPoolPostProcess), (8 bytes).
    Removing rtx_mempool.o(.text.svcRtxMemoryPoolGetName), (16 bytes).
    Removing rtx_mempool.o(.ARM.exidx.text.svcRtxMemoryPoolGetName), (8 bytes).
    Removing rtx_mempool.o(.text.svcRtxMemoryPoolAlloc), (92 bytes).
    Removing rtx_mempool.o(.ARM.exidx.text.svcRtxMemoryPoolAlloc), (8 bytes).
    Removing rtx_mempool.o(.text.svcRtxMemoryPoolFree), (100 bytes).
    Removing rtx_mempool.o(.ARM.exidx.text.svcRtxMemoryPoolFree), (8 bytes).
    Removing rtx_mempool.o(.text.svcRtxMemoryPoolDelete), (108 bytes).
    Removing rtx_mempool.o(.ARM.exidx.text.svcRtxMemoryPoolDelete), (8 bytes).
    Removing rtx_msgqueue.o(.text), (0 bytes).
    Removing rtx_msgqueue.o(.ARM.exidx.text.osRtxMessageQueueTimerSetup), (8 bytes).
    Removing rtx_msgqueue.o(.ARM.exidx.text.svcRtxMessageQueueNew), (8 bytes).
    Removing rtx_msgqueue.o(.text.osMessageQueueNew), (36 bytes).
    Removing rtx_msgqueue.o(.ARM.exidx.text.osMessageQueueNew), (8 bytes).
    Removing rtx_msgqueue.o(.text.osMessageQueueGetName), (36 bytes).
    Removing rtx_msgqueue.o(.ARM.exidx.text.osMessageQueueGetName), (8 bytes).
    Removing rtx_msgqueue.o(.ARM.exidx.text.osMessageQueuePut), (8 bytes).
    Removing rtx_msgqueue.o(.ARM.exidx.text.osMessageQueueGet), (8 bytes).
    Removing rtx_msgqueue.o(.text.osMessageQueueGetCapacity), (48 bytes).
    Removing rtx_msgqueue.o(.ARM.exidx.text.osMessageQueueGetCapacity), (8 bytes).
    Removing rtx_msgqueue.o(.text.svcRtxMessageQueueGetCapacity), (16 bytes).
    Removing rtx_msgqueue.o(.ARM.exidx.text.svcRtxMessageQueueGetCapacity), (8 bytes).
    Removing rtx_msgqueue.o(.text.osMessageQueueGetMsgSize), (48 bytes).
    Removing rtx_msgqueue.o(.ARM.exidx.text.osMessageQueueGetMsgSize), (8 bytes).
    Removing rtx_msgqueue.o(.text.svcRtxMessageQueueGetMsgSize), (16 bytes).
    Removing rtx_msgqueue.o(.ARM.exidx.text.svcRtxMessageQueueGetMsgSize), (8 bytes).
    Removing rtx_msgqueue.o(.text.osMessageQueueGetCount), (48 bytes).
    Removing rtx_msgqueue.o(.ARM.exidx.text.osMessageQueueGetCount), (8 bytes).
    Removing rtx_msgqueue.o(.text.svcRtxMessageQueueGetCount), (16 bytes).
    Removing rtx_msgqueue.o(.ARM.exidx.text.svcRtxMessageQueueGetCount), (8 bytes).
    Removing rtx_msgqueue.o(.text.osMessageQueueGetSpace), (36 bytes).
    Removing rtx_msgqueue.o(.ARM.exidx.text.osMessageQueueGetSpace), (8 bytes).
    Removing rtx_msgqueue.o(.text.svcRtxMessageQueueGetSpace), (20 bytes).
    Removing rtx_msgqueue.o(.ARM.exidx.text.svcRtxMessageQueueGetSpace), (8 bytes).
    Removing rtx_msgqueue.o(.text.osMessageQueueReset), (36 bytes).
    Removing rtx_msgqueue.o(.ARM.exidx.text.osMessageQueueReset), (8 bytes).
    Removing rtx_msgqueue.o(.text.osMessageQueueDelete), (36 bytes).
    Removing rtx_msgqueue.o(.ARM.exidx.text.osMessageQueueDelete), (8 bytes).
    Removing rtx_msgqueue.o(.ARM.exidx.text.osRtxMessageQueuePostProcess), (8 bytes).
    Removing rtx_msgqueue.o(.ARM.exidx.text.MessageQueueRemove), (8 bytes).
    Removing rtx_msgqueue.o(.ARM.exidx.text.MessageQueuePut), (8 bytes).
    Removing rtx_msgqueue.o(.text.svcRtxMessageQueueGetName), (16 bytes).
    Removing rtx_msgqueue.o(.ARM.exidx.text.svcRtxMessageQueueGetName), (8 bytes).
    Removing rtx_msgqueue.o(.ARM.exidx.text.svcRtxMessageQueuePut), (8 bytes).
    Removing rtx_msgqueue.o(.ARM.exidx.text.MessageQueueGet), (8 bytes).
    Removing rtx_msgqueue.o(.ARM.exidx.text.svcRtxMessageQueueGet), (8 bytes).
    Removing rtx_msgqueue.o(.text.svcRtxMessageQueueReset), (168 bytes).
    Removing rtx_msgqueue.o(.ARM.exidx.text.svcRtxMessageQueueReset), (8 bytes).
    Removing rtx_msgqueue.o(.text.svcRtxMessageQueueDelete), (112 bytes).
    Removing rtx_msgqueue.o(.ARM.exidx.text.svcRtxMessageQueueDelete), (8 bytes).
    Removing rtx_msgqueue.o(.ARM.exidx.text.OUTLINED_FUNCTION_0), (8 bytes).
    Removing rtx_system.o(.text), (0 bytes).
    Removing rtx_system.o(.ARM.exidx.text.osRtxTick_Handler), (8 bytes).
    Removing rtx_system.o(.ARM.exidx.text.osRtxPendSV_Handler), (8 bytes).
    Removing rtx_system.o(.ARM.exidx.text.osRtxPostProcess), (8 bytes).
    Removing rtx_thread.o(.text), (0 bytes).
    Removing rtx_thread.o(.ARM.exidx.text.osRtxThreadListPut), (8 bytes).
    Removing rtx_thread.o(.ARM.exidx.text.osRtxThreadListGet), (8 bytes).
    Removing rtx_thread.o(.ARM.exidx.text.osRtxThreadListSort), (8 bytes).
    Removing rtx_thread.o(.ARM.exidx.text.osRtxThreadListRemove), (8 bytes).
    Removing rtx_thread.o(.ARM.exidx.text.osRtxThreadReadyPut), (8 bytes).
    Removing rtx_thread.o(.ARM.exidx.text.osRtxThreadDelayTick), (8 bytes).
    Removing rtx_thread.o(.ARM.exidx.text.osRtxThreadListRoot), (8 bytes).
    Removing rtx_thread.o(.ARM.exidx.text.osRtxThreadRegPtr), (8 bytes).
    Removing rtx_thread.o(.ARM.exidx.text.osRtxThreadSwitch), (8 bytes).
    Removing rtx_thread.o(.ARM.exidx.text.osRtxThreadDispatch), (8 bytes).
    Removing rtx_thread.o(.ARM.exidx.text.osRtxThreadBlock), (8 bytes).
    Removing rtx_thread.o(.ARM.exidx.text.osRtxThreadWaitExit), (8 bytes).
    Removing rtx_thread.o(.ARM.exidx.text.osRtxThreadDelayRemove), (8 bytes).
    Removing rtx_thread.o(.ARM.exidx.text.osRtxThreadWaitEnter), (8 bytes).
    Removing rtx_thread.o(.ARM.exidx.text.osRtxThreadDelayInsert), (8 bytes).
    Removing rtx_thread.o(.text.osRtxThreadStartup), (60 bytes).
    Removing rtx_thread.o(.ARM.exidx.text.osRtxThreadStartup), (8 bytes).
    Removing rtx_thread.o(.text.svcRtxThreadNew), (492 bytes).
    Removing rtx_thread.o(.ARM.exidx.text.svcRtxThreadNew), (8 bytes).
    Removing rtx_thread.o(.text.osThreadNew), (36 bytes).
    Removing rtx_thread.o(.ARM.exidx.text.osThreadNew), (8 bytes).
    Removing rtx_thread.o(.text.osThreadGetName), (36 bytes).
    Removing rtx_thread.o(.ARM.exidx.text.osThreadGetName), (8 bytes).
    Removing rtx_thread.o(.text.osThreadGetId), (40 bytes).
    Removing rtx_thread.o(.ARM.exidx.text.osThreadGetId), (8 bytes).
    Removing rtx_thread.o(.text.svcRtxThreadGetId), (12 bytes).
    Removing rtx_thread.o(.ARM.exidx.text.svcRtxThreadGetId), (8 bytes).
    Removing rtx_thread.o(.text.osThreadGetState), (36 bytes).
    Removing rtx_thread.o(.ARM.exidx.text.osThreadGetState), (8 bytes).
    Removing rtx_thread.o(.text.osThreadGetStackSize), (36 bytes).
    Removing rtx_thread.o(.ARM.exidx.text.osThreadGetStackSize), (8 bytes).
    Removing rtx_thread.o(.text.osThreadGetStackSpace), (36 bytes).
    Removing rtx_thread.o(.ARM.exidx.text.osThreadGetStackSpace), (8 bytes).
    Removing rtx_thread.o(.text.osThreadSetPriority), (36 bytes).
    Removing rtx_thread.o(.ARM.exidx.text.osThreadSetPriority), (8 bytes).
    Removing rtx_thread.o(.text.osThreadGetPriority), (36 bytes).
    Removing rtx_thread.o(.ARM.exidx.text.osThreadGetPriority), (8 bytes).
    Removing rtx_thread.o(.text.osThreadYield), (36 bytes).
    Removing rtx_thread.o(.ARM.exidx.text.osThreadYield), (8 bytes).
    Removing rtx_thread.o(.text.osThreadSuspend), (36 bytes).
    Removing rtx_thread.o(.ARM.exidx.text.osThreadSuspend), (8 bytes).
    Removing rtx_thread.o(.text.osThreadResume), (36 bytes).
    Removing rtx_thread.o(.ARM.exidx.text.osThreadResume), (8 bytes).
    Removing rtx_thread.o(.text.osThreadDetach), (36 bytes).
    Removing rtx_thread.o(.ARM.exidx.text.osThreadDetach), (8 bytes).
    Removing rtx_thread.o(.text.osThreadJoin), (36 bytes).
    Removing rtx_thread.o(.ARM.exidx.text.osThreadJoin), (8 bytes).
    Removing rtx_thread.o(.text.osThreadExit), (12 bytes).
    Removing rtx_thread.o(.ARM.exidx.text.osThreadExit), (8 bytes).
    Removing rtx_thread.o(.text.osThreadTerminate), (36 bytes).
    Removing rtx_thread.o(.ARM.exidx.text.osThreadTerminate), (8 bytes).
    Removing rtx_thread.o(.text.osThreadGetCount), (36 bytes).
    Removing rtx_thread.o(.ARM.exidx.text.osThreadGetCount), (8 bytes).
    Removing rtx_thread.o(.text.osThreadEnumerate), (36 bytes).
    Removing rtx_thread.o(.ARM.exidx.text.osThreadEnumerate), (8 bytes).
    Removing rtx_thread.o(.text.osThreadFlagsSet), (88 bytes).
    Removing rtx_thread.o(.ARM.exidx.text.osThreadFlagsSet), (8 bytes).
    Removing rtx_thread.o(.text.osThreadFlagsClear), (36 bytes).
    Removing rtx_thread.o(.ARM.exidx.text.osThreadFlagsClear), (8 bytes).
    Removing rtx_thread.o(.text.osThreadFlagsGet), (36 bytes).
    Removing rtx_thread.o(.ARM.exidx.text.osThreadFlagsGet), (8 bytes).
    Removing rtx_thread.o(.text.osThreadFlagsWait), (36 bytes).
    Removing rtx_thread.o(.ARM.exidx.text.osThreadFlagsWait), (8 bytes).
    Removing rtx_thread.o(.text.osRtxThreadPostProcess), (40 bytes).
    Removing rtx_thread.o(.ARM.exidx.text.osRtxThreadPostProcess), (8 bytes).
    Removing rtx_thread.o(.text.ThreadFlagsCheck), (100 bytes).
    Removing rtx_thread.o(.ARM.exidx.text.ThreadFlagsCheck), (8 bytes).
    Removing rtx_thread.o(.text.svcRtxThreadGetName), (16 bytes).
    Removing rtx_thread.o(.ARM.exidx.text.svcRtxThreadGetName), (8 bytes).
    Removing rtx_thread.o(.text.svcRtxThreadGetState), (20 bytes).
    Removing rtx_thread.o(.ARM.exidx.text.svcRtxThreadGetState), (8 bytes).
    Removing rtx_thread.o(.text.svcRtxThreadGetStackSize), (16 bytes).
    Removing rtx_thread.o(.ARM.exidx.text.svcRtxThreadGetStackSize), (8 bytes).
    Removing rtx_thread.o(.text.svcRtxThreadGetStackSpace), (60 bytes).
    Removing rtx_thread.o(.ARM.exidx.text.svcRtxThreadGetStackSpace), (8 bytes).
    Removing rtx_thread.o(.text.svcRtxThreadSetPriority), (72 bytes).
    Removing rtx_thread.o(.ARM.exidx.text.svcRtxThreadSetPriority), (8 bytes).
    Removing rtx_thread.o(.text.svcRtxThreadGetPriority), (24 bytes).
    Removing rtx_thread.o(.ARM.exidx.text.svcRtxThreadGetPriority), (8 bytes).
    Removing rtx_thread.o(.text.svcRtxThreadYield), (56 bytes).
    Removing rtx_thread.o(.ARM.exidx.text.svcRtxThreadYield), (8 bytes).
    Removing rtx_thread.o(.text.svcRtxThreadSuspend), (116 bytes).
    Removing rtx_thread.o(.ARM.exidx.text.svcRtxThreadSuspend), (8 bytes).
    Removing rtx_thread.o(.text.svcRtxThreadResume), (44 bytes).
    Removing rtx_thread.o(.ARM.exidx.text.svcRtxThreadResume), (8 bytes).
    Removing rtx_thread.o(.text.svcRtxThreadDetach), (56 bytes).
    Removing rtx_thread.o(.ARM.exidx.text.svcRtxThreadDetach), (8 bytes).
    Removing rtx_thread.o(.text.osRtxThreadListUnlink), (32 bytes).
    Removing rtx_thread.o(.ARM.exidx.text.osRtxThreadListUnlink), (8 bytes).
    Removing rtx_thread.o(.text.osRtxThreadFree), (88 bytes).
    Removing rtx_thread.o(.ARM.exidx.text.osRtxThreadFree), (8 bytes).
    Removing rtx_thread.o(.text.svcRtxThreadJoin), (84 bytes).
    Removing rtx_thread.o(.ARM.exidx.text.svcRtxThreadJoin), (8 bytes).
    Removing rtx_thread.o(.text.svcRtxThreadExit), (76 bytes).
    Removing rtx_thread.o(.ARM.exidx.text.svcRtxThreadExit), (8 bytes).
    Removing rtx_thread.o(.text.osRtxThreadJoinWakeup), (30 bytes).
    Removing rtx_thread.o(.ARM.exidx.text.osRtxThreadJoinWakeup), (8 bytes).
    Removing rtx_thread.o(.text.osRtxThreadDestroy), (36 bytes).
    Removing rtx_thread.o(.ARM.exidx.text.osRtxThreadDestroy), (8 bytes).
    Removing rtx_thread.o(.text.svcRtxThreadTerminate), (136 bytes).
    Removing rtx_thread.o(.ARM.exidx.text.svcRtxThreadTerminate), (8 bytes).
    Removing rtx_thread.o(.text.svcRtxThreadGetCount), (52 bytes).
    Removing rtx_thread.o(.ARM.exidx.text.svcRtxThreadGetCount), (8 bytes).
    Removing rtx_thread.o(.text.svcRtxThreadEnumerate), (92 bytes).
    Removing rtx_thread.o(.ARM.exidx.text.svcRtxThreadEnumerate), (8 bytes).
    Removing rtx_thread.o(.text.svcRtxThreadFlagsSet), (102 bytes).
    Removing rtx_thread.o(.ARM.exidx.text.svcRtxThreadFlagsSet), (8 bytes).
    Removing rtx_thread.o(.text.svcRtxThreadFlagsClear), (52 bytes).
    Removing rtx_thread.o(.ARM.exidx.text.svcRtxThreadFlagsClear), (8 bytes).
    Removing rtx_thread.o(.text.svcRtxThreadFlagsGet), (20 bytes).
    Removing rtx_thread.o(.ARM.exidx.text.svcRtxThreadFlagsGet), (8 bytes).
    Removing rtx_thread.o(.text.svcRtxThreadFlagsWait), (76 bytes).
    Removing rtx_thread.o(.ARM.exidx.text.svcRtxThreadFlagsWait), (8 bytes).
    Removing rtx_thread.o(.text.OUTLINED_FUNCTION_0), (6 bytes).
    Removing rtx_thread.o(.ARM.exidx.text.OUTLINED_FUNCTION_0), (8 bytes).
    Removing rtx_thread.o(.text.OUTLINED_FUNCTION_1), (6 bytes).
    Removing rtx_thread.o(.ARM.exidx.text.OUTLINED_FUNCTION_1), (8 bytes).
    Removing rtx_thread.o(.text.OUTLINED_FUNCTION_2), (20 bytes).
    Removing rtx_thread.o(.ARM.exidx.text.OUTLINED_FUNCTION_2), (8 bytes).
    Removing rtx_thread.o(.text.OUTLINED_FUNCTION_3), (6 bytes).
    Removing rtx_thread.o(.ARM.exidx.text.OUTLINED_FUNCTION_3), (8 bytes).
    Removing rtx_thread.o(.text.OUTLINED_FUNCTION_4), (8 bytes).
    Removing rtx_thread.o(.ARM.exidx.text.OUTLINED_FUNCTION_4), (8 bytes).
    Removing os_systick.o(.text), (0 bytes).
    Removing os_systick.o(.text.OS_Tick_Setup), (64 bytes).
    Removing os_systick.o(.ARM.exidx.text.OS_Tick_Setup), (8 bytes).
    Removing os_systick.o(.text.OS_Tick_Enable), (44 bytes).
    Removing os_systick.o(.ARM.exidx.text.OS_Tick_Enable), (8 bytes).
    Removing os_systick.o(.text.OS_Tick_Disable), (44 bytes).
    Removing os_systick.o(.ARM.exidx.text.OS_Tick_Disable), (8 bytes).
    Removing os_systick.o(.ARM.exidx.text.OS_Tick_AcknowledgeIRQ), (8 bytes).
    Removing os_systick.o(.text.OS_Tick_GetIRQn), (6 bytes).
    Removing os_systick.o(.ARM.exidx.text.OS_Tick_GetIRQn), (8 bytes).
    Removing os_systick.o(.text.OS_Tick_GetClock), (12 bytes).
    Removing os_systick.o(.ARM.exidx.text.OS_Tick_GetClock), (8 bytes).
    Removing os_systick.o(.text.OS_Tick_GetInterval), (12 bytes).
    Removing os_systick.o(.ARM.exidx.text.OS_Tick_GetInterval), (8 bytes).
    Removing os_systick.o(.text.OS_Tick_GetCount), (16 bytes).
    Removing os_systick.o(.ARM.exidx.text.OS_Tick_GetCount), (8 bytes).
    Removing os_systick.o(.text.OS_Tick_GetOverflow), (16 bytes).
    Removing os_systick.o(.ARM.exidx.text.OS_Tick_GetOverflow), (8 bytes).
    Removing os_systick.o(.bss.os), (1 bytes).
    Removing rtx_mutex.o(.text), (0 bytes).
    Removing rtx_mutex.o(.text.osRtxMutexOwnerRelease), (72 bytes).
    Removing rtx_mutex.o(.ARM.exidx.text.osRtxMutexOwnerRelease), (8 bytes).
    Removing rtx_mutex.o(.ARM.exidx.text.osRtxMutexOwnerRestore), (8 bytes).
    Removing rtx_mutex.o(.text.osMutexNew), (36 bytes).
    Removing rtx_mutex.o(.ARM.exidx.text.osMutexNew), (8 bytes).
    Removing rtx_mutex.o(.text.osMutexGetName), (36 bytes).
    Removing rtx_mutex.o(.ARM.exidx.text.osMutexGetName), (8 bytes).
    Removing rtx_mutex.o(.text.osMutexAcquire), (36 bytes).
    Removing rtx_mutex.o(.ARM.exidx.text.osMutexAcquire), (8 bytes).
    Removing rtx_mutex.o(.text.osMutexRelease), (36 bytes).
    Removing rtx_mutex.o(.ARM.exidx.text.osMutexRelease), (8 bytes).
    Removing rtx_mutex.o(.text.osMutexGetOwner), (36 bytes).
    Removing rtx_mutex.o(.ARM.exidx.text.osMutexGetOwner), (8 bytes).
    Removing rtx_mutex.o(.text.osMutexDelete), (36 bytes).
    Removing rtx_mutex.o(.ARM.exidx.text.osMutexDelete), (8 bytes).
    Removing rtx_mutex.o(.text.svcRtxMutexNew), (104 bytes).
    Removing rtx_mutex.o(.ARM.exidx.text.svcRtxMutexNew), (8 bytes).
    Removing rtx_mutex.o(.text.svcRtxMutexGetName), (16 bytes).
    Removing rtx_mutex.o(.ARM.exidx.text.svcRtxMutexGetName), (8 bytes).
    Removing rtx_mutex.o(.text.svcRtxMutexAcquire), (144 bytes).
    Removing rtx_mutex.o(.ARM.exidx.text.svcRtxMutexAcquire), (8 bytes).
    Removing rtx_mutex.o(.text.svcRtxMutexRelease), (180 bytes).
    Removing rtx_mutex.o(.ARM.exidx.text.svcRtxMutexRelease), (8 bytes).
    Removing rtx_mutex.o(.text.svcRtxMutexGetOwner), (20 bytes).
    Removing rtx_mutex.o(.ARM.exidx.text.svcRtxMutexGetOwner), (8 bytes).
    Removing rtx_mutex.o(.text.svcRtxMutexDelete), (176 bytes).
    Removing rtx_mutex.o(.ARM.exidx.text.svcRtxMutexDelete), (8 bytes).
    Removing dadd.o(.text), (334 bytes).
    Removing dmul.o(.text), (228 bytes).
    Removing ddiv.o(.text), (222 bytes).
    Removing dfixul.o(.text), (48 bytes).
    Removing cdrcmple.o(.text), (48 bytes).
    Removing depilogue.o(.text), (186 bytes).

443 unused section(s) (total 30725 bytes) removed from the image.

==============================================================================

Image Symbol Table

    Local Symbols

    Symbol Name                              Value     Ov Type        Size  Object(Section)

    RESET                                    0x00000000   Section      204  startup_lpc17xx.o(RESET)
    ../clib/../cmprslib/zerorunl.c           0x00000000   Number         0  __dczerorl.o ABSOLUTE
    ../clib/microlib/division.c              0x00000000   Number         0  uldiv.o ABSOLUTE
    ../clib/microlib/division.c              0x00000000   Number         0  uidiv.o ABSOLUTE
    ../clib/microlib/init/entry.s            0x00000000   Number         0  entry7b.o ABSOLUTE
    ../clib/microlib/init/entry.s            0x00000000   Number         0  entry7a.o ABSOLUTE
    ../clib/microlib/init/entry.s            0x00000000   Number         0  entry9a.o ABSOLUTE
    ../clib/microlib/init/entry.s            0x00000000   Number         0  entry9b.o ABSOLUTE
    ../clib/microlib/init/entry.s            0x00000000   Number         0  entry8b.o ABSOLUTE
    ../clib/microlib/init/entry.s            0x00000000   Number         0  entry8a.o ABSOLUTE
    ../clib/microlib/init/entry.s            0x00000000   Number         0  entry.o ABSOLUTE
    ../clib/microlib/init/entry.s            0x00000000   Number         0  entry2.o ABSOLUTE
    ../clib/microlib/init/entry.s            0x00000000   Number         0  entry5.o ABSOLUTE
    ../clib/microlib/init/entry.s            0x00000000   Number         0  entry10b.o ABSOLUTE
    ../clib/microlib/init/entry.s            0x00000000   Number         0  entry10a.o ABSOLUTE
    ../clib/microlib/init/entry.s            0x00000000   Number         0  entry11a.o ABSOLUTE
    ../clib/microlib/init/entry.s            0x00000000   Number         0  entry11b.o ABSOLUTE
    ../clib/microlib/longlong.c              0x00000000   Number         0  llsshr.o ABSOLUTE
    ../clib/microlib/longlong.c              0x00000000   Number         0  llshl.o ABSOLUTE
    ../clib/microlib/longlong.c              0x00000000   Number         0  llushr.o ABSOLUTE
    ../clib/microlib/printf/printf.c         0x00000000   Number         0  printf8.o ABSOLUTE
    ../clib/microlib/printf/printf.c         0x00000000   Number         0  printfa.o ABSOLUTE
    ../clib/microlib/printf/printf.c         0x00000000   Number         0  printf1.o ABSOLUTE
    ../clib/microlib/printf/printf.c         0x00000000   Number         0  printf7.o ABSOLUTE
    ../clib/microlib/printf/printf.c         0x00000000   Number         0  printf0.o ABSOLUTE
    ../clib/microlib/printf/printf.c         0x00000000   Number         0  printf6.o ABSOLUTE
    ../clib/microlib/printf/printf.c         0x00000000   Number         0  printf5.o ABSOLUTE
    ../clib/microlib/printf/printf.c         0x00000000   Number         0  printfb.o ABSOLUTE
    ../clib/microlib/printf/printf.c         0x00000000   Number         0  printf4.o ABSOLUTE
    ../clib/microlib/printf/printf.c         0x00000000   Number         0  printf3.o ABSOLUTE
    ../clib/microlib/printf/printf.c         0x00000000   Number         0  printf2.o ABSOLUTE
    ../clib/microlib/printf/stubs.s          0x00000000   Number         0  stubs.o ABSOLUTE
    ../clib/microlib/string/memcpy.c         0x00000000   Number         0  memcpyb.o ABSOLUTE
    ../clib/microlib/string/memcpy.c         0x00000000   Number         0  memcpya.o ABSOLUTE
    ../clib/microlib/string/memset.c         0x00000000   Number         0  memseta.o ABSOLUTE
    ../clib/microlib/stubs.s                 0x00000000   Number         0  iusefp.o ABSOLUTE
    ../fplib/microlib/fpadd.c                0x00000000   Number         0  dadd.o ABSOLUTE
    ../fplib/microlib/fpdiv.c                0x00000000   Number         0  ddiv.o ABSOLUTE
    ../fplib/microlib/fpepilogue.c           0x00000000   Number         0  depilogue.o ABSOLUTE
    ../fplib/microlib/fpfix.c                0x00000000   Number         0  dfixul.o ABSOLUTE
    ../fplib/microlib/fpmul.c                0x00000000   Number         0  dmul.o ABSOLUTE
    C:\Software\Keil_v5\ARM\PACK\ARM\CMSIS\5.8.0\CMSIS\RTOS2\RTX\Source\rtx_lib.c 0x00000000   Number         0  rtx_lib.o ABSOLUTE
    C:\\Software\\Keil_v5\\ARM\\PACK\\ARM\\CMSIS\\5.8.0\\CMSIS\\RTOS2\\RTX\\Source\\rtx_lib.c 0x00000000   Number         0  rtx_lib.o ABSOLUTE
    FPU_USED                                 0x00000000   Number         0  irq_armv7m.o ABSOLUTE
    GLCD_SPI_LPC1700.c                       0x00000000   Number         0  glcd_spi_lpc1700.o ABSOLUTE
    GLCD_SPI_LPC1700.c                       0x00000000   Number         0  glcd_spi_lpc1700.o ABSOLUTE
    GLCD_Scroll.c                            0x00000000   Number         0  glcd_scroll.o ABSOLUTE
    GLCD_Scroll.c                            0x00000000   Number         0  glcd_scroll.o ABSOLUTE
    RTE\CMSIS\RTX_Config.c                   0x00000000   Number         0  rtx_config.o ABSOLUTE
    RTE\Device\LPC1768\startup_LPC17xx.s     0x00000000   Number         0  startup_lpc17xx.o ABSOLUTE
    RTE\Device\LPC1768\system_LPC17xx.c      0x00000000   Number         0  system_lpc17xx.o ABSOLUTE
    RTE\\CMSIS\\RTX_Config.c                 0x00000000   Number         0  rtx_config.o ABSOLUTE
    RTE\\Device\\LPC1768\\system_LPC17xx.c   0x00000000   Number         0  system_lpc17xx.o ABSOLUTE
    Retarget.c                               0x00000000   Number         0  retarget.o ABSOLUTE
    cdrcmple.s                               0x00000000   Number         0  cdrcmple.o ABSOLUTE
    dc.s                                     0x00000000   Number         0  dc.o ABSOLUTE
    handlers.s                               0x00000000   Number         0  handlers.o ABSOLUTE
    init.s                                   0x00000000   Number         0  init.o ABSOLUTE
    os_systick.c                             0x00000000   Number         0  os_systick.o ABSOLUTE
    p2_main.c                                0x00000000   Number         0  p2_main.o ABSOLUTE
    p2_main.c                                0x00000000   Number         0  p2_main.o ABSOLUTE
    rtx_kernel.c                             0x00000000   Number         0  rtx_kernel.o ABSOLUTE
    rtx_memory.c                             0x00000000   Number         0  rtx_memory.o ABSOLUTE
    rtx_mempool.c                            0x00000000   Number         0  rtx_mempool.o ABSOLUTE
    rtx_msgqueue.c                           0x00000000   Number         0  rtx_msgqueue.o ABSOLUTE
    rtx_mutex.c                              0x00000000   Number         0  rtx_mutex.o ABSOLUTE
    rtx_system.c                             0x00000000   Number         0  rtx_system.o ABSOLUTE
    rtx_thread.c                             0x00000000   Number         0  rtx_thread.o ABSOLUTE
    rtx_timer.c                              0x00000000   Number         0  rtx_timer.o ABSOLUTE
    uart.c                                   0x00000000   Number         0  uart.o ABSOLUTE
    uart.c                                   0x00000000   Number         0  uart.o ABSOLUTE
    osRtxErrorStackOverflow                  0x00000001   Number         0  irq_armv7m.o ABSOLUTE
    I_T_RUN_OFS                              0x00000014   Number         0  irq_armv7m.o ABSOLUTE
    TCB_SF_OFS                               0x00000022   Number         0  irq_armv7m.o ABSOLUTE
    TCB_SP_OFS                               0x00000038   Number         0  irq_armv7m.o ABSOLUTE
    .ARM.Collect$$$$00000000                 0x000000cc   Section        0  entry.o(.ARM.Collect$$$$00000000)
    .ARM.Collect$$$$00000001                 0x000000cc   Section        4  entry2.o(.ARM.Collect$$$$00000001)
    .ARM.Collect$$$$00000004                 0x000000d0   Section        4  entry5.o(.ARM.Collect$$$$00000004)
    .ARM.Collect$$$$00000008                 0x000000d4   Section        0  entry7b.o(.ARM.Collect$$$$00000008)
    .ARM.Collect$$$$0000000A                 0x000000d4   Section        0  entry8b.o(.ARM.Collect$$$$0000000A)
    .ARM.Collect$$$$0000000B                 0x000000d4   Section        8  entry9a.o(.ARM.Collect$$$$0000000B)
    .ARM.Collect$$$$0000000D                 0x000000dc   Section        0  entry10a.o(.ARM.Collect$$$$0000000D)
    .ARM.Collect$$$$0000000F                 0x000000dc   Section        0  entry11a.o(.ARM.Collect$$$$0000000F)
    .ARM.Collect$$$$00002712                 0x000000dc   Section        4  entry2.o(.ARM.Collect$$$$00002712)
    __lit__00000000                          0x000000dc   Data           4  entry2.o(.ARM.Collect$$$$00002712)
    .text                                    0x000000e0   Section       36  startup_lpc17xx.o(.text)
    [Anonymous Symbol]                       0x00000104   Section        0  irq_armv7m.o(.text)
    SVC_Context                              0x0000012c   Number         0  irq_armv7m.o(.text)
    SVC_ContextSave                          0x0000013c   Number         0  irq_armv7m.o(.text)
    SVC_ContextRestore                       0x00000144   Number         0  irq_armv7m.o(.text)
    SVC_Exit                                 0x00000152   Number         0  irq_armv7m.o(.text)
    SVC_User                                 0x00000154   Number         0  irq_armv7m.o(.text)
    .text                                    0x00000198   Section        0  memcpya.o(.text)
    .text                                    0x000001bc   Section        0  memseta.o(.text)
    .text                                    0x000001e0   Section        0  uidiv.o(.text)
    .text                                    0x0000020c   Section       36  init.o(.text)
    .text                                    0x00000230   Section        0  __dczerorl.o(.text)
    [Anonymous Symbol]                       0x0000026a   Section        0  rtx_msgqueue.o(.text.MessageQueueGet)
    MessageQueueGet                          0x0000026b   Thumb Code    64  rtx_msgqueue.o(.text.MessageQueueGet)
    [Anonymous Symbol]                       0x000002aa   Section        0  rtx_msgqueue.o(.text.MessageQueueRemove)
    MessageQueueRemove                       0x000002ab   Thumb Code    28  rtx_msgqueue.o(.text.MessageQueueRemove)
    [Anonymous Symbol]                       0x000002c8   Section        0  os_systick.o(.text.OS_Tick_AcknowledgeIRQ)
    __arm_cp.3_0                             0x000002d0   Number         4  os_systick.o(.text.OS_Tick_AcknowledgeIRQ)
    [Anonymous Symbol]                       0x000002d4   Section        0  rtx_msgqueue.o(.text.OUTLINED_FUNCTION_0)
    OUTLINED_FUNCTION_0                      0x000002d5   Thumb Code    12  rtx_msgqueue.o(.text.OUTLINED_FUNCTION_0)
    [Anonymous Symbol]                       0x000002e0   Section        0  rtx_kernel.o(.text.osRtxKernelErrorNotify)
    [Anonymous Symbol]                       0x000002e4   Section        0  rtx_thread.o(.text.osRtxThreadListGet)
    [Anonymous Symbol]                       0x000002f6   Section        0  rtx_thread.o(.text.osRtxThreadRegPtr)
    .ARM.__at_0x02FC                         0x000002fc   Section        4  startup_lpc17xx.o(.ARM.__at_0x02FC)
    [Anonymous Symbol]                       0x00000300   Section        0  rtx_msgqueue.o(.text.MessageQueuePut)
    MessageQueuePut                          0x00000301   Thumb Code    88  rtx_msgqueue.o(.text.MessageQueuePut)
    [Anonymous Symbol]                       0x00000358   Section        0  rtx_timer.o(.text.TimerInsert)
    TimerInsert                              0x00000359   Thumb Code    68  rtx_timer.o(.text.TimerInsert)
    __arm_cp.9_0                             0x0000039c   Number         4  rtx_timer.o(.text.TimerInsert)
    [Anonymous Symbol]                       0x000003a0   Section        0  rtx_msgqueue.o(.text.osMessageQueueGet)
    __arm_cp.5_0                             0x0000040c   Number         4  rtx_msgqueue.o(.text.osMessageQueueGet)
    [Anonymous Symbol]                       0x00000410   Section        0  rtx_msgqueue.o(.text.osMessageQueuePut)
    __arm_cp.4_0                             0x0000048c   Number         4  rtx_msgqueue.o(.text.osMessageQueuePut)
    [Anonymous Symbol]                       0x00000490   Section        0  rtx_memory.o(.text.osRtxMemoryAlloc)
    [Anonymous Symbol]                       0x000004fc   Section        0  rtx_memory.o(.text.osRtxMemoryFree)
    [Anonymous Symbol]                       0x0000053e   Section        0  rtx_mempool.o(.text.osRtxMemoryPoolAlloc)
    [Anonymous Symbol]                       0x00000578   Section        0  rtx_mempool.o(.text.osRtxMemoryPoolFree)
    [Anonymous Symbol]                       0x000005c2   Section        0  rtx_mempool.o(.text.osRtxMemoryPoolInit)
    [Anonymous Symbol]                       0x000005fa   Section        0  rtx_msgqueue.o(.text.osRtxMessageQueuePostProcess)
    osRtxMessageQueuePostProcess             0x000005fb   Thumb Code   170  rtx_msgqueue.o(.text.osRtxMessageQueuePostProcess)
    [Anonymous Symbol]                       0x000006a4   Section        0  rtx_msgqueue.o(.text.osRtxMessageQueueTimerSetup)
    __arm_cp.0_0                             0x000006c4   Number         4  rtx_msgqueue.o(.text.osRtxMessageQueueTimerSetup)
    __arm_cp.0_1                             0x000006c8   Number         4  rtx_msgqueue.o(.text.osRtxMessageQueueTimerSetup)
    [Anonymous Symbol]                       0x000006cc   Section        0  rtx_mutex.o(.text.osRtxMutexOwnerRestore)
    [Anonymous Symbol]                       0x00000710   Section        0  rtx_system.o(.text.osRtxPendSV_Handler)
    __arm_cp.1_0                             0x00000798   Number         4  rtx_system.o(.text.osRtxPendSV_Handler)
    [Anonymous Symbol]                       0x0000079c   Section        0  rtx_system.o(.text.osRtxPostProcess)
    __arm_cp.2_0                             0x00000808   Number         4  rtx_system.o(.text.osRtxPostProcess)
    __arm_cp.2_1                             0x0000080c   Number         4  rtx_system.o(.text.osRtxPostProcess)
    [Anonymous Symbol]                       0x00000810   Section        0  rtx_thread.o(.text.osRtxThreadBlock)
    osRtxThreadBlock                         0x00000811   Thumb Code    52  rtx_thread.o(.text.osRtxThreadBlock)
    __arm_cp.10_0                            0x00000844   Number         4  rtx_thread.o(.text.osRtxThreadBlock)
    [Anonymous Symbol]                       0x00000848   Section        0  rtx_thread.o(.text.osRtxThreadDelayInsert)
    osRtxThreadDelayInsert                   0x00000849   Thumb Code   124  rtx_thread.o(.text.osRtxThreadDelayInsert)
    __arm_cp.14_0                            0x000008c4   Number         4  rtx_thread.o(.text.osRtxThreadDelayInsert)
    [Anonymous Symbol]                       0x000008c8   Section        0  rtx_thread.o(.text.osRtxThreadDelayRemove)
    osRtxThreadDelayRemove                   0x000008c9   Thumb Code    60  rtx_thread.o(.text.osRtxThreadDelayRemove)
    __arm_cp.12_0                            0x00000904   Number         4  rtx_thread.o(.text.osRtxThreadDelayRemove)
    [Anonymous Symbol]                       0x00000908   Section        0  rtx_thread.o(.text.osRtxThreadDelayTick)
    __arm_cp.5_0                             0x00000950   Number         4  rtx_thread.o(.text.osRtxThreadDelayTick)
    [Anonymous Symbol]                       0x00000954   Section        0  rtx_thread.o(.text.osRtxThreadDispatch)
    __arm_cp.9_0                             0x000009a4   Number         4  rtx_thread.o(.text.osRtxThreadDispatch)
    [Anonymous Symbol]                       0x000009a8   Section        0  rtx_thread.o(.text.osRtxThreadListPut)
    [Anonymous Symbol]                       0x000009d4   Section        0  rtx_thread.o(.text.osRtxThreadListRemove)
    [Anonymous Symbol]                       0x000009e8   Section        0  rtx_thread.o(.text.osRtxThreadListRoot)
    osRtxThreadListRoot                      0x000009e9   Thumb Code    12  rtx_thread.o(.text.osRtxThreadListRoot)
    [Anonymous Symbol]                       0x000009f4   Section        0  rtx_thread.o(.text.osRtxThreadListSort)
    [Anonymous Symbol]                       0x00000a1c   Section        0  rtx_thread.o(.text.osRtxThreadReadyPut)
    __arm_cp.4_0                             0x00000a2c   Number         4  rtx_thread.o(.text.osRtxThreadReadyPut)
    [Anonymous Symbol]                       0x00000a30   Section        0  rtx_thread.o(.text.osRtxThreadSwitch)
    __arm_cp.8_0                             0x00000a3c   Number         4  rtx_thread.o(.text.osRtxThreadSwitch)
    [Anonymous Symbol]                       0x00000a40   Section        0  rtx_thread.o(.text.osRtxThreadWaitEnter)
    __arm_cp.13_0                            0x00000a78   Number         4  rtx_thread.o(.text.osRtxThreadWaitEnter)
    [Anonymous Symbol]                       0x00000a7c   Section        0  rtx_thread.o(.text.osRtxThreadWaitExit)
    [Anonymous Symbol]                       0x00000aa0   Section        0  rtx_system.o(.text.osRtxTick_Handler)
    __arm_cp.0_0                             0x00000b14   Number         4  rtx_system.o(.text.osRtxTick_Handler)
    [Anonymous Symbol]                       0x00000b18   Section        0  rtx_timer.o(.text.osRtxTimerSetup)
    __arm_cp.0_0                             0x00000b30   Number         4  rtx_timer.o(.text.osRtxTimerSetup)
    __arm_cp.0_1                             0x00000b34   Number         4  rtx_timer.o(.text.osRtxTimerSetup)
    [Anonymous Symbol]                       0x00000b38   Section        0  rtx_timer.o(.text.osRtxTimerThread)
    [Anonymous Symbol]                       0x00000b58   Section        0  rtx_timer.o(.text.osRtxTimerTick)
    osRtxTimerTick                           0x00000b59   Thumb Code   108  rtx_timer.o(.text.osRtxTimerTick)
    __arm_cp.1_0                             0x00000bc4   Number         4  rtx_timer.o(.text.osRtxTimerTick)
    [Anonymous Symbol]                       0x00000bc8   Section        0  rtx_msgqueue.o(.text.svcRtxMessageQueueGet)
    svcRtxMessageQueueGet                    0x00000bc9   Thumb Code   212  rtx_msgqueue.o(.text.svcRtxMessageQueueGet)
    __arm_cp.22_0                            0x00000c9c   Number         4  rtx_msgqueue.o(.text.svcRtxMessageQueueGet)
    [Anonymous Symbol]                       0x00000ca0   Section        0  rtx_msgqueue.o(.text.svcRtxMessageQueueNew)
    svcRtxMessageQueueNew                    0x00000ca1   Thumb Code   272  rtx_msgqueue.o(.text.svcRtxMessageQueueNew)
    __arm_cp.1_0                             0x00000db0   Number         4  rtx_msgqueue.o(.text.svcRtxMessageQueueNew)
    __arm_cp.1_1                             0x00000db4   Number         4  rtx_msgqueue.o(.text.svcRtxMessageQueueNew)
    [Anonymous Symbol]                       0x00000db8   Section        0  rtx_msgqueue.o(.text.svcRtxMessageQueuePut)
    svcRtxMessageQueuePut                    0x00000db9   Thumb Code   176  rtx_msgqueue.o(.text.svcRtxMessageQueuePut)
    __arm_cp.20_0                            0x00000e68   Number         4  rtx_msgqueue.o(.text.svcRtxMessageQueuePut)
    i.Free                                   0x00000e6c   Section        0  uart.o(i.Free)
    i.FreeRcv                                0x00000e74   Section        0  uart.o(i.FreeRcv)
    i.FreeSnd                                0x00000e98   Section        0  uart.o(i.FreeSnd)
    i.SystemInit                             0x00000ebc   Section        0  system_lpc17xx.o(i.SystemInit)
    i.UART0_IRQHandler                       0x00000ffc   Section        0  uart.o(i.UART0_IRQHandler)
    i.UART1_IRQHandler                       0x00001064   Section        0  uart.o(i.UART1_IRQHandler)
    i.UARTInit                               0x000010d4   Section        0  uart.o(i.UARTInit)
    i.UARTSendChar                           0x00001190   Section        0  uart.o(i.UARTSendChar)
    i.__0printf$1                            0x000011b4   Section        0  printf1.o(i.__0printf$1)
    i.__NVIC_EnableIRQ                       0x000011d4   Section        0  uart.o(i.__NVIC_EnableIRQ)
    __NVIC_EnableIRQ                         0x000011d5   Thumb Code    34  uart.o(i.__NVIC_EnableIRQ)
    i.__scatterload_copy                     0x000011f6   Section       14  handlers.o(i.__scatterload_copy)
    i.__scatterload_null                     0x00001204   Section        2  handlers.o(i.__scatterload_null)
    i.__scatterload_zeroinit                 0x00001206   Section       14  handlers.o(i.__scatterload_zeroinit)
    i._printf_core                           0x00001214   Section        0  printf1.o(i._printf_core)
    _printf_core                             0x00001215   Thumb Code   336  printf1.o(i._printf_core)
    i.fputc                                  0x00001368   Section        0  retarget.o(i.fputc)
    i.getFrequency                           0x00001378   Section        0  uart.o(i.getFrequency)
    i.main                                   0x000013c0   Section        0  p2_main.o(i.main)
    i.osRtxErrorNotify                       0x00001540   Section        0  rtx_config.o(i.osRtxErrorNotify)
    i.sendchar                               0x00001560   Section        0  retarget.o(i.sendchar)
    .constdata                               0x000015a4   Section      104  rtx_lib.o(.constdata)
    os_idle_thread_attr                      0x000015a4   Data          36  rtx_lib.o(.constdata)
    os_timer_thread_attr                     0x000015c8   Data          36  rtx_lib.o(.constdata)
    os_timer_mq_attr                         0x000015ec   Data          24  rtx_lib.o(.constdata)
    .rodata                                  0x0000160c   Section      168  rtx_lib.o(.rodata)
    __tagsym$$used                           0x0000160c   Number         0  rtx_lib.o(.rodata)
    __tagsym$$used                           0x0000167c   Number         0  rtx_lib.o(.rodata)
    [Anonymous Symbol]                       0x000016b8   Section        0  rtx_kernel.o(.rodata.str1.4)
    .bss.os                                  0x10000000   Section     8256  rtx_lib.o(.bss.os)
    os_mem                                   0x10000000   Data        8192  rtx_lib.o(.bss.os)
    os_isr_queue                             0x10002000   Data          64  rtx_lib.o(.bss.os)
    .bss.os.msgqueue.cb                      0x10002040   Section       52  rtx_lib.o(.bss.os.msgqueue.cb)
    os_timer_mq_cb                           0x10002040   Data          52  rtx_lib.o(.bss.os.msgqueue.cb)
    .bss.os.msgqueue.mem                     0x10002074   Section       80  rtx_lib.o(.bss.os.msgqueue.mem)
    os_timer_mq_data                         0x10002074   Data          80  rtx_lib.o(.bss.os.msgqueue.mem)
    .bss.os.thread.cb                        0x100020c4   Section      136  rtx_lib.o(.bss.os.thread.cb)
    os_idle_thread_cb                        0x100020c4   Data          68  rtx_lib.o(.bss.os.thread.cb)
    os_timer_thread_cb                       0x10002108   Data          68  rtx_lib.o(.bss.os.thread.cb)
    .bss.os.thread.idle.stack                0x10002150   Section      512  rtx_lib.o(.bss.os.thread.idle.stack)
    os_idle_thread_stack                     0x10002150   Data         512  rtx_lib.o(.bss.os.thread.idle.stack)
    .bss.os.thread.timer.stack               0x10002350   Section      512  rtx_lib.o(.bss.os.thread.timer.stack)
    os_timer_thread_stack                    0x10002350   Data         512  rtx_lib.o(.bss.os.thread.timer.stack)
    .data                                    0x10002550   Section       32  uart.o(.data)
    .data                                    0x10002570   Section       12  retarget.o(.data)
    .data                                    0x1000257c   Section        4  system_lpc17xx.o(.data)
    .bss                                     0x10002624   Section      128  uart.o(.bss)
    STACK                                    0x100026a8   Section     8192  startup_lpc17xx.o(STACK)
    FPCCR                                    0xe000ef34   Number         0  irq_armv7m.o ABSOLUTE

    Global Symbols

    Symbol Name                              Value     Ov Type        Size  Object(Section)

    BuildAttributes$$THM_ISAv4$P$D$K$B$S$PE$A:L22UL41UL21$X:L11$S22US41US21$IEEE1$IW$USESV6$~STKCKD$USESV7$~SHL$OSPACE$ROPI$EBA8$MICROLIB$REQ8$PRES8$EABIv2 0x00000000   Number         0  anon$$obj.o ABSOLUTE
    __ARM_use_no_argv                        0x00000000   Number         0  p2_main.o ABSOLUTE
    __Vectors                                0x00000000   Data           4  startup_lpc17xx.o(RESET)
    _printf_a                                0x00000000   Number         0  stubs.o ABSOLUTE
    _printf_c                                0x00000000   Number         0  stubs.o ABSOLUTE
    _printf_charcount                        0x00000000   Number         0  stubs.o ABSOLUTE
    _printf_d                                0x00000000   Number         0  stubs.o ABSOLUTE
    _printf_e                                0x00000000   Number         0  stubs.o ABSOLUTE
    _printf_f                                0x00000000   Number         0  stubs.o ABSOLUTE
    _printf_flags                            0x00000000   Number         0  stubs.o ABSOLUTE
    _printf_fp_dec                           0x00000000   Number         0  stubs.o ABSOLUTE
    _printf_fp_hex                           0x00000000   Number         0  stubs.o ABSOLUTE
    _printf_g                                0x00000000   Number         0  stubs.o ABSOLUTE
    _printf_i                                0x00000000   Number         0  stubs.o ABSOLUTE
    _printf_int_dec                          0x00000000   Number         0  stubs.o ABSOLUTE
    _printf_l                                0x00000000   Number         0  stubs.o ABSOLUTE
    _printf_lc                               0x00000000   Number         0  stubs.o ABSOLUTE
    _printf_ll                               0x00000000   Number         0  stubs.o ABSOLUTE
    _printf_lld                              0x00000000   Number         0  stubs.o ABSOLUTE
    _printf_lli                              0x00000000   Number         0  stubs.o ABSOLUTE
    _printf_llo                              0x00000000   Number         0  stubs.o ABSOLUTE
    _printf_llu                              0x00000000   Number         0  stubs.o ABSOLUTE
    _printf_llx                              0x00000000   Number         0  stubs.o ABSOLUTE
    _printf_longlong_dec                     0x00000000   Number         0  stubs.o ABSOLUTE
    _printf_longlong_hex                     0x00000000   Number         0  stubs.o ABSOLUTE
    _printf_longlong_oct                     0x00000000   Number         0  stubs.o ABSOLUTE
    _printf_ls                               0x00000000   Number         0  stubs.o ABSOLUTE
    _printf_mbtowc                           0x00000000   Number         0  stubs.o ABSOLUTE
    _printf_n                                0x00000000   Number         0  stubs.o ABSOLUTE
    _printf_o                                0x00000000   Number         0  stubs.o ABSOLUTE
    _printf_p                                0x00000000   Number         0  stubs.o ABSOLUTE
    _printf_percent                          0x00000000   Number         0  stubs.o ABSOLUTE
    _printf_pre_padding                      0x00000000   Number         0  stubs.o ABSOLUTE
    _printf_return_value                     0x00000000   Number         0  stubs.o ABSOLUTE
    _printf_s                                0x00000000   Number         0  stubs.o ABSOLUTE
    _printf_sizespec                         0x00000000   Number         0  stubs.o ABSOLUTE
    _printf_str                              0x00000000   Number         0  stubs.o ABSOLUTE
    _printf_truncate_signed                  0x00000000   Number         0  stubs.o ABSOLUTE
    _printf_truncate_unsigned                0x00000000   Number         0  stubs.o ABSOLUTE
    _printf_u                                0x00000000   Number         0  stubs.o ABSOLUTE
    _printf_wc                               0x00000000   Number         0  stubs.o ABSOLUTE
    _printf_wctomb                           0x00000000   Number         0  stubs.o ABSOLUTE
    _printf_widthprec                        0x00000000   Number         0  stubs.o ABSOLUTE
    _printf_x                                0x00000000   Number         0  stubs.o ABSOLUTE
    .bss.os.evflags.cb$$Base                  - Undefined Weak Reference
    .bss.os.evflags.cb$$Limit                 - Undefined Weak Reference
    .bss.os.mempool.cb$$Base                  - Undefined Weak Reference
    .bss.os.mempool.cb$$Limit                 - Undefined Weak Reference
    .bss.os.mutex.cb$$Base                    - Undefined Weak Reference
    .bss.os.mutex.cb$$Limit                   - Undefined Weak Reference
    .bss.os.semaphore.cb$$Base                - Undefined Weak Reference
    .bss.os.semaphore.cb$$Limit               - Undefined Weak Reference
    .bss.os.timer.cb$$Base                    - Undefined Weak Reference
    .bss.os.timer.cb$$Limit                   - Undefined Weak Reference
    __cpp_initialize__aeabi_                  - Undefined Weak Reference
    __cxa_finalize                            - Undefined Weak Reference
    _clock_init                               - Undefined Weak Reference
    _microlib_exit                            - Undefined Weak Reference
    __main                                   0x000000cd   Thumb Code     0  entry.o(.ARM.Collect$$$$00000000)
    _main_stk                                0x000000cd   Thumb Code     0  entry2.o(.ARM.Collect$$$$00000001)
    _main_scatterload                        0x000000d1   Thumb Code     0  entry5.o(.ARM.Collect$$$$00000004)
    __main_after_scatterload                 0x000000d5   Thumb Code     0  entry5.o(.ARM.Collect$$$$00000004)
    _main_clock                              0x000000d5   Thumb Code     0  entry7b.o(.ARM.Collect$$$$00000008)
    _main_cpp_init                           0x000000d5   Thumb Code     0  entry8b.o(.ARM.Collect$$$$0000000A)
    _main_init                               0x000000d5   Thumb Code     0  entry9a.o(.ARM.Collect$$$$0000000B)
    __rt_final_cpp                           0x000000dd   Thumb Code     0  entry10a.o(.ARM.Collect$$$$0000000D)
    __rt_final_exit                          0x000000dd   Thumb Code     0  entry11a.o(.ARM.Collect$$$$0000000F)
    Reset_Handler                            0x000000e1   Thumb Code     8  startup_lpc17xx.o(.text)
    NMI_Handler                              0x000000e9   Thumb Code     2  startup_lpc17xx.o(.text)
    HardFault_Handler                        0x000000eb   Thumb Code     2  startup_lpc17xx.o(.text)
    MemManage_Handler                        0x000000ed   Thumb Code     2  startup_lpc17xx.o(.text)
    BusFault_Handler                         0x000000ef   Thumb Code     2  startup_lpc17xx.o(.text)
    UsageFault_Handler                       0x000000f1   Thumb Code     2  startup_lpc17xx.o(.text)
    DebugMon_Handler                         0x000000f5   Thumb Code     2  startup_lpc17xx.o(.text)
    ADC_IRQHandler                           0x000000fb   Thumb Code     0  startup_lpc17xx.o(.text)
    BOD_IRQHandler                           0x000000fb   Thumb Code     0  startup_lpc17xx.o(.text)
    CANActivity_IRQHandler                   0x000000fb   Thumb Code     0  startup_lpc17xx.o(.text)
    CAN_IRQHandler                           0x000000fb   Thumb Code     0  startup_lpc17xx.o(.text)
    DMA_IRQHandler                           0x000000fb   Thumb Code     0  startup_lpc17xx.o(.text)
    EINT0_IRQHandler                         0x000000fb   Thumb Code     0  startup_lpc17xx.o(.text)
    EINT1_IRQHandler                         0x000000fb   Thumb Code     0  startup_lpc17xx.o(.text)
    EINT2_IRQHandler                         0x000000fb   Thumb Code     0  startup_lpc17xx.o(.text)
    EINT3_IRQHandler                         0x000000fb   Thumb Code     0  startup_lpc17xx.o(.text)
    ENET_IRQHandler                          0x000000fb   Thumb Code     0  startup_lpc17xx.o(.text)
    I2C0_IRQHandler                          0x000000fb   Thumb Code     0  startup_lpc17xx.o(.text)
    I2C1_IRQHandler                          0x000000fb   Thumb Code     0  startup_lpc17xx.o(.text)
    I2C2_IRQHandler                          0x000000fb   Thumb Code     0  startup_lpc17xx.o(.text)
    I2S_IRQHandler                           0x000000fb   Thumb Code     0  startup_lpc17xx.o(.text)
    MCPWM_IRQHandler                         0x000000fb   Thumb Code     0  startup_lpc17xx.o(.text)
    PLL0_IRQHandler                          0x000000fb   Thumb Code     0  startup_lpc17xx.o(.text)
    PLL1_IRQHandler                          0x000000fb   Thumb Code     0  startup_lpc17xx.o(.text)
    PWM1_IRQHandler                          0x000000fb   Thumb Code     0  startup_lpc17xx.o(.text)
    QEI_IRQHandler                           0x000000fb   Thumb Code     0  startup_lpc17xx.o(.text)
    RIT_IRQHandler                           0x000000fb   Thumb Code     0  startup_lpc17xx.o(.text)
    RTC_IRQHandler                           0x000000fb   Thumb Code     0  startup_lpc17xx.o(.text)
    SPI_IRQHandler                           0x000000fb   Thumb Code     0  startup_lpc17xx.o(.text)
    SSP0_IRQHandler                          0x000000fb   Thumb Code     0  startup_lpc17xx.o(.text)
    SSP1_IRQHandler                          0x000000fb   Thumb Code     0  startup_lpc17xx.o(.text)
    TIMER0_IRQHandler                        0x000000fb   Thumb Code     0  startup_lpc17xx.o(.text)
    TIMER1_IRQHandler                        0x000000fb   Thumb Code     0  startup_lpc17xx.o(.text)
    TIMER2_IRQHandler                        0x000000fb   Thumb Code     0  startup_lpc17xx.o(.text)
    TIMER3_IRQHandler                        0x000000fb   Thumb Code     0  startup_lpc17xx.o(.text)
    UART2_IRQHandler                         0x000000fb   Thumb Code     0  startup_lpc17xx.o(.text)
    UART3_IRQHandler                         0x000000fb   Thumb Code     0  startup_lpc17xx.o(.text)
    USBActivity_IRQHandler                   0x000000fb   Thumb Code     0  startup_lpc17xx.o(.text)
    USB_IRQHandler                           0x000000fb   Thumb Code     0  startup_lpc17xx.o(.text)
    WDT_IRQHandler                           0x000000fb   Thumb Code     0  startup_lpc17xx.o(.text)
    SVC_Handler                              0x00000105   Thumb Code   108  irq_armv7m.o(.text)
    PendSV_Handler                           0x00000171   Thumb Code    16  irq_armv7m.o(.text)
    SysTick_Handler                          0x00000181   Thumb Code    16  irq_armv7m.o(.text)
    __aeabi_memcpy                           0x00000199   Thumb Code    36  memcpya.o(.text)
    __aeabi_memcpy4                          0x00000199   Thumb Code     0  memcpya.o(.text)
    __aeabi_memcpy8                          0x00000199   Thumb Code     0  memcpya.o(.text)
    __aeabi_memset                           0x000001bd   Thumb Code    14  memseta.o(.text)
    __aeabi_memset4                          0x000001bd   Thumb Code     0  memseta.o(.text)
    __aeabi_memset8                          0x000001bd   Thumb Code     0  memseta.o(.text)
    __aeabi_memclr                           0x000001cb   Thumb Code     4  memseta.o(.text)
    __aeabi_memclr4                          0x000001cb   Thumb Code     0  memseta.o(.text)
    __aeabi_memclr8                          0x000001cb   Thumb Code     0  memseta.o(.text)
    _memset$wrapper                          0x000001cf   Thumb Code    18  memseta.o(.text)
    __aeabi_uidiv                            0x000001e1   Thumb Code     0  uidiv.o(.text)
    __aeabi_uidivmod                         0x000001e1   Thumb Code    44  uidiv.o(.text)
    __scatterload                            0x0000020d   Thumb Code    28  init.o(.text)
    __scatterload_rt2                        0x0000020d   Thumb Code     0  init.o(.text)
    __decompress                             0x00000231   Thumb Code     0  __dczerorl.o(.text)
    __decompress0                            0x00000231   Thumb Code    58  __dczerorl.o(.text)
    OS_Tick_AcknowledgeIRQ                   0x000002c9   Thumb Code     8  os_systick.o(.text.OS_Tick_AcknowledgeIRQ)
    osRtxKernelErrorNotify                   0x000002e1   Thumb Code     4  rtx_kernel.o(.text.osRtxKernelErrorNotify)
    osRtxThreadListGet                       0x000002e5   Thumb Code    18  rtx_thread.o(.text.osRtxThreadListGet)
    osRtxThreadRegPtr                        0x000002f7   Thumb Code     6  rtx_thread.o(.text.osRtxThreadRegPtr)
    osMessageQueueGet                        0x000003a1   Thumb Code   108  rtx_msgqueue.o(.text.osMessageQueueGet)
    osMessageQueuePut                        0x00000411   Thumb Code   124  rtx_msgqueue.o(.text.osMessageQueuePut)
    osRtxMemoryAlloc                         0x00000491   Thumb Code   108  rtx_memory.o(.text.osRtxMemoryAlloc)
    osRtxMemoryFree                          0x000004fd   Thumb Code    66  rtx_memory.o(.text.osRtxMemoryFree)
    osRtxMemoryPoolAlloc                     0x0000053f   Thumb Code    58  rtx_mempool.o(.text.osRtxMemoryPoolAlloc)
    osRtxMemoryPoolFree                      0x00000579   Thumb Code    74  rtx_mempool.o(.text.osRtxMemoryPoolFree)
    osRtxMemoryPoolInit                      0x000005c3   Thumb Code    56  rtx_mempool.o(.text.osRtxMemoryPoolInit)
    osRtxMessageQueueTimerSetup              0x000006a5   Thumb Code    32  rtx_msgqueue.o(.text.osRtxMessageQueueTimerSetup)
    osRtxMutexOwnerRestore                   0x000006cd   Thumb Code    66  rtx_mutex.o(.text.osRtxMutexOwnerRestore)
    osRtxPendSV_Handler                      0x00000711   Thumb Code   136  rtx_system.o(.text.osRtxPendSV_Handler)
    osRtxPostProcess                         0x0000079d   Thumb Code   108  rtx_system.o(.text.osRtxPostProcess)
    osRtxThreadDelayTick                     0x00000909   Thumb Code    72  rtx_thread.o(.text.osRtxThreadDelayTick)
    osRtxThreadDispatch                      0x00000955   Thumb Code    80  rtx_thread.o(.text.osRtxThreadDispatch)
    osRtxThreadListPut                       0x000009a9   Thumb Code    44  rtx_thread.o(.text.osRtxThreadListPut)
    osRtxThreadListRemove                    0x000009d5   Thumb Code    20  rtx_thread.o(.text.osRtxThreadListRemove)
    osRtxThreadListSort                      0x000009f5   Thumb Code    38  rtx_thread.o(.text.osRtxThreadListSort)
    osRtxThreadReadyPut                      0x00000a1d   Thumb Code    16  rtx_thread.o(.text.osRtxThreadReadyPut)
    osRtxThreadSwitch                        0x00000a31   Thumb Code    12  rtx_thread.o(.text.osRtxThreadSwitch)
    osRtxThreadWaitEnter                     0x00000a41   Thumb Code    56  rtx_thread.o(.text.osRtxThreadWaitEnter)
    osRtxThreadWaitExit                      0x00000a7d   Thumb Code    34  rtx_thread.o(.text.osRtxThreadWaitExit)
    osRtxTick_Handler                        0x00000aa1   Thumb Code   116  rtx_system.o(.text.osRtxTick_Handler)
    osRtxTimerSetup                          0x00000b19   Thumb Code    24  rtx_timer.o(.text.osRtxTimerSetup)
    osRtxTimerThread                         0x00000b39   Thumb Code    32  rtx_timer.o(.text.osRtxTimerThread)
    Free                                     0x00000e6d   Thumb Code     6  uart.o(i.Free)
    FreeRcv                                  0x00000e75   Thumb Code    28  uart.o(i.FreeRcv)
    FreeSnd                                  0x00000e99   Thumb Code    28  uart.o(i.FreeSnd)
    SystemInit                               0x00000ebd   Thumb Code   302  system_lpc17xx.o(i.SystemInit)
    UART0_IRQHandler                         0x00000ffd   Thumb Code    88  uart.o(i.UART0_IRQHandler)
    UART1_IRQHandler                         0x00001065   Thumb Code    90  uart.o(i.UART1_IRQHandler)
    UARTInit                                 0x000010d5   Thumb Code   176  uart.o(i.UARTInit)
    UARTSendChar                             0x00001191   Thumb Code    26  uart.o(i.UARTSendChar)
    __0printf$1                              0x000011b5   Thumb Code    22  printf1.o(i.__0printf$1)
    __1printf$1                              0x000011b5   Thumb Code     0  printf1.o(i.__0printf$1)
    __2printf                                0x000011b5   Thumb Code     0  printf1.o(i.__0printf$1)
    __scatterload_copy                       0x000011f7   Thumb Code    14  handlers.o(i.__scatterload_copy)
    __scatterload_null                       0x00001205   Thumb Code     2  handlers.o(i.__scatterload_null)
    __scatterload_zeroinit                   0x00001207   Thumb Code    14  handlers.o(i.__scatterload_zeroinit)
    fputc                                    0x00001369   Thumb Code    14  retarget.o(i.fputc)
    getFrequency                             0x00001379   Thumb Code    62  uart.o(i.getFrequency)
    main                                     0x000013c1   Thumb Code   308  p2_main.o(i.main)
    osRtxErrorNotify                         0x00001541   Thumb Code    32  rtx_config.o(i.osRtxErrorNotify)
    sendchar                                 0x00001561   Thumb Code    64  retarget.o(i.sendchar)
    irqRtxLibRef                             0x00001604   Data           4  rtx_lib.o(.constdata)
    osRtxUserSVC                             0x00001608   Data           4  rtx_lib.o(.constdata)
    osRtxConfig                              0x0000160c   Data         112  rtx_lib.o(.rodata)
    os_cb_sections                           0x0000167c   Data          56  rtx_lib.o(.rodata)
    irqRtxLib                                0x000016b4   Number         0  irq_armv7m.o(.rodata)
    Region$$Table$$Base                      0x000016c4   Number         0  anon$$obj.o(Region$$Table)
    Region$$Table$$Limit                     0x000016e4   Number         0  anon$$obj.o(Region$$Table)
    .bss.os.msgqueue.cb$$Base                0x10002040   Number         0  rtx_lib.o(.bss.os.msgqueue.cb)
    .bss.os.msgqueue.cb$$Limit               0x10002074   Number         0  rtx_lib.o(.bss.os.msgqueue.cb)
    .bss.os.thread.cb$$Base                  0x100020c4   Number         0  rtx_lib.o(.bss.os.thread.cb)
    .bss.os.thread.cb$$Limit                 0x1000214c   Number         0  rtx_lib.o(.bss.os.thread.cb)
    ITM_RxBuffer                             0x10002550   Data           4  uart.o(.data)
    UART0Status                              0x10002554   Data           4  uart.o(.data)
    UART1Status                              0x10002558   Data           4  uart.o(.data)
    UART0TxEmpty                             0x1000255c   Data           1  uart.o(.data)
    UART1TxEmpty                             0x1000255d   Data           1  uart.o(.data)
    UART0Count                               0x10002560   Data           4  uart.o(.data)
    UART1Count                               0x10002564   Data           4  uart.o(.data)
    RcvLock0                                 0x10002568   Data           1  uart.o(.data)
    SndLock0                                 0x10002569   Data           1  uart.o(.data)
    RcvLock1                                 0x1000256a   Data           1  uart.o(.data)
    SndLock1                                 0x1000256b   Data           1  uart.o(.data)
    i                                        0x1000256c   Data           4  uart.o(.data)
    uart_init_called                         0x10002570   Data           1  retarget.o(.data)
    __stdout                                 0x10002574   Data           4  retarget.o(.data)
    __stdin                                  0x10002578   Data           4  retarget.o(.data)
    SystemCoreClock                          0x1000257c   Data           4  system_lpc17xx.o(.data)
    osRtxInfo                                0x10002580   Data         164  rtx_kernel.o(.data.os)
    UART0Buffer                              0x10002624   Data          64  uart.o(.bss)
    UART1Buffer                              0x10002664   Data          64  uart.o(.bss)
    __initial_sp                             0x100046a8   Data           0  startup_lpc17xx.o(STACK)



==============================================================================

Memory Map of the image

  Image Entry point : 0x000000e1

  Load Region LR_1 (Base: 0x00000000, Size: 0x00003d08, Max: 0xffffffff, ABSOLUTE, COMPRESSED[0x00001748])

    Execution Region ER_RO (Exec base: 0x00000000, Load base: 0x00000000, Size: 0x000016e4, Max: 0xffffffff, ABSOLUTE)

    Exec Addr    Load Addr    Size         Type   Attr      Idx    E Section Name        Object

    0x00000000   0x00000000   0x000000cc   Data   RO          621    RESET               startup_lpc17xx.o
    0x000000cc   0x000000cc   0x00000000   Code   RO         1135  * .ARM.Collect$$$$00000000  mc_w.l(entry.o)
    0x000000cc   0x000000cc   0x00000004   Code   RO         1407    .ARM.Collect$$$$00000001  mc_w.l(entry2.o)
    0x000000d0   0x000000d0   0x00000004   Code   RO         1410    .ARM.Collect$$$$00000004  mc_w.l(entry5.o)
    0x000000d4   0x000000d4   0x00000000   Code   RO         1412    .ARM.Collect$$$$00000008  mc_w.l(entry7b.o)
    0x000000d4   0x000000d4   0x00000000   Code   RO         1414    .ARM.Collect$$$$0000000A  mc_w.l(entry8b.o)
    0x000000d4   0x000000d4   0x00000008   Code   RO         1415    .ARM.Collect$$$$0000000B  mc_w.l(entry9a.o)
    0x000000dc   0x000000dc   0x00000000   Code   RO         1417    .ARM.Collect$$$$0000000D  mc_w.l(entry10a.o)
    0x000000dc   0x000000dc   0x00000000   Code   RO         1419    .ARM.Collect$$$$0000000F  mc_w.l(entry11a.o)
    0x000000dc   0x000000dc   0x00000004   Code   RO         1408    .ARM.Collect$$$$00002712  mc_w.l(entry2.o)
    0x000000e0   0x000000e0   0x00000024   Code   RO          623  * .text               startup_lpc17xx.o
    0x00000104   0x00000104   0x00000094   Code   RO          707    .text               RTX_CM3.lib(irq_armv7m.o)
    0x00000198   0x00000198   0x00000024   Code   RO         1140    .text               mc_w.l(memcpya.o)
    0x000001bc   0x000001bc   0x00000024   Code   RO         1142    .text               mc_w.l(memseta.o)
    0x000001e0   0x000001e0   0x0000002c   Code   RO         1421    .text               mc_w.l(uidiv.o)
    0x0000020c   0x0000020c   0x00000024   Code   RO         1438    .text               mc_w.l(init.o)
    0x00000230   0x00000230   0x0000003a   Code   RO         1452    .text               mc_w.l(__dczerorl.o)
    0x0000026a   0x0000026a   0x00000040   Code   RO          895    .text.MessageQueueGet  RTX_CM3.lib(rtx_msgqueue.o)
    0x000002aa   0x000002aa   0x0000001c   Code   RO          887    .text.MessageQueueRemove  RTX_CM3.lib(rtx_msgqueue.o)
    0x000002c6   0x000002c6   0x00000002   PAD
    0x000002c8   0x000002c8   0x0000000c   Code   RO         1079    .text.OS_Tick_AcknowledgeIRQ  RTX_CM3.lib(os_systick.o)
    0x000002d4   0x000002d4   0x0000000c   Code   RO          903    .text.OUTLINED_FUNCTION_0  RTX_CM3.lib(rtx_msgqueue.o)
    0x000002e0   0x000002e0   0x00000004   Code   RO          717    .text.osRtxKernelErrorNotify  RTX_CM3.lib(rtx_kernel.o)
    0x000002e4   0x000002e4   0x00000012   Code   RO          929    .text.osRtxThreadListGet  RTX_CM3.lib(rtx_thread.o)
    0x000002f6   0x000002f6   0x00000006   Code   RO          941    .text.osRtxThreadRegPtr  RTX_CM3.lib(rtx_thread.o)
    0x000002fc   0x000002fc   0x00000004   Code   RO          622    .ARM.__at_0x02FC    startup_lpc17xx.o
    0x00000300   0x00000300   0x00000058   Code   RO          889    .text.MessageQueuePut  RTX_CM3.lib(rtx_msgqueue.o)
    0x00000358   0x00000358   0x00000048   Code   RO          684    .text.TimerInsert   RTX_CM3.lib(rtx_timer.o)
    0x000003a0   0x000003a0   0x00000070   Code   RO          863    .text.osMessageQueueGet  RTX_CM3.lib(rtx_msgqueue.o)
    0x00000410   0x00000410   0x00000080   Code   RO          861    .text.osMessageQueuePut  RTX_CM3.lib(rtx_msgqueue.o)
    0x00000490   0x00000490   0x0000006c   Code   RO          789    .text.osRtxMemoryAlloc  RTX_CM3.lib(rtx_memory.o)
    0x000004fc   0x000004fc   0x00000042   Code   RO          791    .text.osRtxMemoryFree  RTX_CM3.lib(rtx_memory.o)
    0x0000053e   0x0000053e   0x0000003a   Code   RO          803    .text.osRtxMemoryPoolAlloc  RTX_CM3.lib(rtx_mempool.o)
    0x00000578   0x00000578   0x0000004a   Code   RO          805    .text.osRtxMemoryPoolFree  RTX_CM3.lib(rtx_mempool.o)
    0x000005c2   0x000005c2   0x00000038   Code   RO          801    .text.osRtxMemoryPoolInit  RTX_CM3.lib(rtx_mempool.o)
    0x000005fa   0x000005fa   0x000000aa   Code   RO          885    .text.osRtxMessageQueuePostProcess  RTX_CM3.lib(rtx_msgqueue.o)
    0x000006a4   0x000006a4   0x00000028   Code   RO          853    .text.osRtxMessageQueueTimerSetup  RTX_CM3.lib(rtx_msgqueue.o)
    0x000006cc   0x000006cc   0x00000042   Code   RO         1102    .text.osRtxMutexOwnerRestore  RTX_CM3.lib(rtx_mutex.o)
    0x0000070e   0x0000070e   0x00000002   PAD
    0x00000710   0x00000710   0x0000008c   Code   RO          915    .text.osRtxPendSV_Handler  RTX_CM3.lib(rtx_system.o)
    0x0000079c   0x0000079c   0x00000074   Code   RO          917    .text.osRtxPostProcess  RTX_CM3.lib(rtx_system.o)
    0x00000810   0x00000810   0x00000038   Code   RO          947    .text.osRtxThreadBlock  RTX_CM3.lib(rtx_thread.o)
    0x00000848   0x00000848   0x00000080   Code   RO          955    .text.osRtxThreadDelayInsert  RTX_CM3.lib(rtx_thread.o)
    0x000008c8   0x000008c8   0x00000040   Code   RO          951    .text.osRtxThreadDelayRemove  RTX_CM3.lib(rtx_thread.o)
    0x00000908   0x00000908   0x0000004c   Code   RO          937    .text.osRtxThreadDelayTick  RTX_CM3.lib(rtx_thread.o)
    0x00000954   0x00000954   0x00000054   Code   RO          945    .text.osRtxThreadDispatch  RTX_CM3.lib(rtx_thread.o)
    0x000009a8   0x000009a8   0x0000002c   Code   RO          927    .text.osRtxThreadListPut  RTX_CM3.lib(rtx_thread.o)
    0x000009d4   0x000009d4   0x00000014   Code   RO          933    .text.osRtxThreadListRemove  RTX_CM3.lib(rtx_thread.o)
    0x000009e8   0x000009e8   0x0000000c   Code   RO          939    .text.osRtxThreadListRoot  RTX_CM3.lib(rtx_thread.o)
    0x000009f4   0x000009f4   0x00000026   Code   RO          931    .text.osRtxThreadListSort  RTX_CM3.lib(rtx_thread.o)
    0x00000a1a   0x00000a1a   0x00000002   PAD
    0x00000a1c   0x00000a1c   0x00000014   Code   RO          935    .text.osRtxThreadReadyPut  RTX_CM3.lib(rtx_thread.o)
    0x00000a30   0x00000a30   0x00000010   Code   RO          943    .text.osRtxThreadSwitch  RTX_CM3.lib(rtx_thread.o)
    0x00000a40   0x00000a40   0x0000003c   Code   RO          953    .text.osRtxThreadWaitEnter  RTX_CM3.lib(rtx_thread.o)
    0x00000a7c   0x00000a7c   0x00000022   Code   RO          949    .text.osRtxThreadWaitExit  RTX_CM3.lib(rtx_thread.o)
    0x00000a9e   0x00000a9e   0x00000002   PAD
    0x00000aa0   0x00000aa0   0x00000078   Code   RO          913    .text.osRtxTick_Handler  RTX_CM3.lib(rtx_system.o)
    0x00000b18   0x00000b18   0x00000020   Code   RO          666    .text.osRtxTimerSetup  RTX_CM3.lib(rtx_timer.o)
    0x00000b38   0x00000b38   0x00000020   Code   RO          670    .text.osRtxTimerThread  RTX_CM3.lib(rtx_timer.o)
    0x00000b58   0x00000b58   0x00000070   Code   RO          668    .text.osRtxTimerTick  RTX_CM3.lib(rtx_timer.o)
    0x00000bc8   0x00000bc8   0x000000d8   Code   RO          897    .text.svcRtxMessageQueueGet  RTX_CM3.lib(rtx_msgqueue.o)
    0x00000ca0   0x00000ca0   0x00000118   Code   RO          855    .text.svcRtxMessageQueueNew  RTX_CM3.lib(rtx_msgqueue.o)
    0x00000db8   0x00000db8   0x000000b4   Code   RO          893    .text.svcRtxMessageQueuePut  RTX_CM3.lib(rtx_msgqueue.o)
    0x00000e6c   0x00000e6c   0x00000006   Code   RO           64    i.Free              uart.o
    0x00000e72   0x00000e72   0x00000002   PAD
    0x00000e74   0x00000e74   0x00000024   Code   RO           65    i.FreeRcv           uart.o
    0x00000e98   0x00000e98   0x00000024   Code   RO           66    i.FreeSnd           uart.o
    0x00000ebc   0x00000ebc   0x00000140   Code   RO          633    i.SystemInit        system_lpc17xx.o
    0x00000ffc   0x00000ffc   0x00000068   Code   RO           70    i.UART0_IRQHandler  uart.o
    0x00001064   0x00001064   0x00000070   Code   RO           71    i.UART1_IRQHandler  uart.o
    0x000010d4   0x000010d4   0x000000bc   Code   RO           72    i.UARTInit          uart.o
    0x00001190   0x00001190   0x00000024   Code   RO           76    i.UARTSendChar      uart.o
    0x000011b4   0x000011b4   0x00000020   Code   RO         1191    i.__0printf$1       mc_w.l(printf1.o)
    0x000011d4   0x000011d4   0x00000022   Code   RO           77    i.__NVIC_EnableIRQ  uart.o
    0x000011f6   0x000011f6   0x0000000e   Code   RO         1446    i.__scatterload_copy  mc_w.l(handlers.o)
    0x00001204   0x00001204   0x00000002   Code   RO         1447    i.__scatterload_null  mc_w.l(handlers.o)
    0x00001206   0x00001206   0x0000000e   Code   RO         1448    i.__scatterload_zeroinit  mc_w.l(handlers.o)
    0x00001214   0x00001214   0x00000154   Code   RO         1198    i._printf_core      mc_w.l(printf1.o)
    0x00001368   0x00001368   0x0000000e   Code   RO          182    i.fputc             retarget.o
    0x00001376   0x00001376   0x00000002   PAD
    0x00001378   0x00001378   0x00000048   Code   RO           78    i.getFrequency      uart.o
    0x000013c0   0x000013c0   0x00000180   Code   RO            4    i.main              p2_main.o
    0x00001540   0x00001540   0x00000020   Code   RO          588    i.osRtxErrorNotify  rtx_config.o
    0x00001560   0x00001560   0x00000044   Code   RO          184    i.sendchar          retarget.o
    0x000015a4   0x000015a4   0x00000068   Data   RO          543    .constdata          rtx_lib.o
    0x0000160c   0x0000160c   0x000000a8   Data   RO          544    .rodata             rtx_lib.o
    0x000016b4   0x000016b4   0x00000001   Data   RO          708    .rodata             RTX_CM3.lib(irq_armv7m.o)
    0x000016b5   0x000016b5   0x00000003   PAD
    0x000016b8   0x000016b8   0x0000000b   Data   RO          777    .rodata.str1.4      RTX_CM3.lib(rtx_kernel.o)
    0x000016c3   0x000016c3   0x00000001   PAD
    0x000016c4   0x000016c4   0x00000020   Data   RO         1444    Region$$Table       anon$$obj.o


    Execution Region ER_RW (Exec base: 0x10000000, Load base: 0x000016e4, Size: 0x00002624, Max: 0xffffffff, ABSOLUTE, COMPRESSED[0x00000064])

    Exec Addr    Load Addr    Size         Type   Attr      Idx    E Section Name        Object

    0x10000000   COMPRESSED   0x00002040   Data   RW          537    .bss.os             rtx_lib.o
    0x10002040   COMPRESSED   0x00000034   Data   RW          538    .bss.os.msgqueue.cb  rtx_lib.o
    0x10002074   COMPRESSED   0x00000050   Data   RW          539    .bss.os.msgqueue.mem  rtx_lib.o
    0x100020c4   COMPRESSED   0x00000088   Data   RW          540    .bss.os.thread.cb   rtx_lib.o
    0x1000214c   COMPRESSED   0x00000004   PAD
    0x10002150   COMPRESSED   0x00000200   Data   RW          541    .bss.os.thread.idle.stack  rtx_lib.o
    0x10002350   COMPRESSED   0x00000200   Data   RW          542    .bss.os.thread.timer.stack  rtx_lib.o
    0x10002550   COMPRESSED   0x00000020   Data   RW           80    .data               uart.o
    0x10002570   COMPRESSED   0x0000000c   Data   RW          185    .data               retarget.o
    0x1000257c   COMPRESSED   0x00000004   Data   RW          634    .data               system_lpc17xx.o
    0x10002580   COMPRESSED   0x000000a4   Data   RW          778    .data.os            RTX_CM3.lib(rtx_kernel.o)


    Execution Region ER_ZI (Exec base: 0x10002624, Load base: 0x00001748, Size: 0x00002084, Max: 0xffffffff, ABSOLUTE)

    Exec Addr    Load Addr    Size         Type   Attr      Idx    E Section Name        Object

    0x10002624        -       0x00000080   Zero   RW           79    .bss                uart.o
    0x100026a4   0x00001748   0x00000004   PAD
    0x100026a8        -       0x00002000   Zero   RW          619    STACK               startup_lpc17xx.o


==============================================================================

Image component sizes


      Code (inc. data)   RO Data    RW Data    ZI Data      Debug   Object Name

       384         76          0          0          0       5367   p2_main.o
        82          4          0         12          0       2894   retarget.o
        32          6          0          0          0        543   rtx_config.o
         0          0        272       9548          0      12726   rtx_lib.o
        40         12        204          0       8192       1016   startup_lpc17xx.o
       320         18          0          4          0        831   system_lpc17xx.o
       624         86          0         32        128      22679   uart.o

    ----------------------------------------------------------------------
      1486        202        508       9600       8324      46056   Object Totals
         0          0         32          0          0          0   (incl. Generated)
         4          0          0          4          4          0   (incl. Padding)

    ----------------------------------------------------------------------

      Code (inc. data)   RO Data    RW Data    ZI Data      Debug   Library Member Name

       148          8          1          0          0        591   irq_armv7m.o
        12          4          0          0          0       3197   os_systick.o
         4          0         11        164          0      16501   rtx_kernel.o
       174          0          0          0          0       2537   rtx_memory.o
       188          0          0          0          0      16008   rtx_mempool.o
      1318         32          0          0          0      18657   rtx_msgqueue.o
        66          0          0          0          0       9962   rtx_mutex.o
       376         26          0          0          0       5296   rtx_system.o
       676         32          0          0          0      31735   rtx_thread.o
       248         16          0          0          0      10397   rtx_timer.o
        58          0          0          0          0          0   __dczerorl.o
         0          0          0          0          0          0   entry.o
         0          0          0          0          0          0   entry10a.o
         0          0          0          0          0          0   entry11a.o
         8          4          0          0          0          0   entry2.o
         4          0          0          0          0          0   entry5.o
         0          0          0          0          0          0   entry7b.o
         0          0          0          0          0          0   entry8b.o
         8          4          0          0          0          0   entry9a.o
        30          0          0          0          0          0   handlers.o
        36          8          0          0          0         68   init.o
        36          0          0          0          0         68   memcpya.o
        36          0          0          0          0        108   memseta.o
       372         14          0          0          0        184   printf1.o
        44          0          0          0          0         80   uidiv.o

    ----------------------------------------------------------------------
      3850        148         16        164          0     115389   Library Totals
         8          0          4          0          0          0   (incl. Padding)

    ----------------------------------------------------------------------

      Code (inc. data)   RO Data    RW Data    ZI Data      Debug   Library Name

      3210        118         12        164          0     114881   RTX_CM3.lib
       632         30          0          0          0        508   mc_w.l

    ----------------------------------------------------------------------
      3850        148         16        164          0     115389   Library Totals

    ----------------------------------------------------------------------

==============================================================================


      Code (inc. data)   RO Data    RW Data    ZI Data      Debug   

      5336        350        524       9764       8324     160769   Grand Totals
      5336        350        524        100       8324     160769   ELF Image Totals (compressed)
      5336        350        524        100          0          0   ROM Totals

==============================================================================

    Total RO  Size (Code + RO Data)                 5860 (   5.72kB)
    Total RW  Size (RW Data + ZI Data)             18088 (  17.66kB)
    Total ROM Size (Code + RO Data + RW Data)       5960 (   5.82kB)

==============================================================================

